Archive member included to satisfy reference by file (symbol)

C:/ST/STM32CubeIDE_1.8.0/STM32CubeIDE/plugins/com.st.stm32cube.ide.mcu.externaltools.gnu-tools-for-stm32.13.3.rel1.win32_1.0.0.202411081344/tools/bin/../lib/gcc/arm-none-eabi/13.3.1/../../../../arm-none-eabi/lib/thumb/v7-m/nofp\libstdc++_nano.a(atexit_arm.o)
                              CMakeFiles/GameConsole-NewEdition-Champ.dir/App/Modules/Process/MainThread.cpp.obj (__aeabi_atexit)
C:/ST/STM32CubeIDE_1.8.0/STM32CubeIDE/plugins/com.st.stm32cube.ide.mcu.externaltools.gnu-tools-for-stm32.13.3.rel1.win32_1.0.0.202411081344/tools/bin/../lib/gcc/arm-none-eabi/13.3.1/../../../../arm-none-eabi/lib/thumb/v7-m/nofp\libstdc++_nano.a(class_type_info.o)
                              CMakeFiles/GameConsole-NewEdition-Champ.dir/App/Modules/Process/MainThread.cpp.obj (vtable for __cxxabiv1::__class_type_info)
C:/ST/STM32CubeIDE_1.8.0/STM32CubeIDE/plugins/com.st.stm32cube.ide.mcu.externaltools.gnu-tools-for-stm32.13.3.rel1.win32_1.0.0.202411081344/tools/bin/../lib/gcc/arm-none-eabi/13.3.1/../../../../arm-none-eabi/lib/thumb/v7-m/nofp\libstdc++_nano.a(del_ops.o)
                              CMakeFiles/GameConsole-NewEdition-Champ.dir/App/Modules/Process/MainThread.cpp.obj (operator delete(void*, unsigned int))
C:/ST/STM32CubeIDE_1.8.0/STM32CubeIDE/plugins/com.st.stm32cube.ide.mcu.externaltools.gnu-tools-for-stm32.13.3.rel1.win32_1.0.0.202411081344/tools/bin/../lib/gcc/arm-none-eabi/13.3.1/../../../../arm-none-eabi/lib/thumb/v7-m/nofp\libstdc++_nano.a(eh_arm.o)
                              CMakeFiles/GameConsole-NewEdition-Champ.dir/App/Modules/Process/MainThread.cpp.obj (__cxa_end_cleanup)
C:/ST/STM32CubeIDE_1.8.0/STM32CubeIDE/plugins/com.st.stm32cube.ide.mcu.externaltools.gnu-tools-for-stm32.13.3.rel1.win32_1.0.0.202411081344/tools/bin/../lib/gcc/arm-none-eabi/13.3.1/../../../../arm-none-eabi/lib/thumb/v7-m/nofp\libstdc++_nano.a(eh_catch.o)
                              CMakeFiles/GameConsole-NewEdition-Champ.dir/App/Modules/Process/MainThread.cpp.obj (__cxa_begin_catch)
C:/ST/STM32CubeIDE_1.8.0/STM32CubeIDE/plugins/com.st.stm32cube.ide.mcu.externaltools.gnu-tools-for-stm32.13.3.rel1.win32_1.0.0.202411081344/tools/bin/../lib/gcc/arm-none-eabi/13.3.1/../../../../arm-none-eabi/lib/thumb/v7-m/nofp\libstdc++_nano.a(eh_exception.o)
                              C:/ST/STM32CubeIDE_1.8.0/STM32CubeIDE/plugins/com.st.stm32cube.ide.mcu.externaltools.gnu-tools-for-stm32.13.3.rel1.win32_1.0.0.202411081344/tools/bin/../lib/gcc/arm-none-eabi/13.3.1/../../../../arm-none-eabi/lib/thumb/v7-m/nofp\libstdc++_nano.a(eh_arm.o) (typeinfo for __cxxabiv1::__forced_unwind)
C:/ST/STM32CubeIDE_1.8.0/STM32CubeIDE/plugins/com.st.stm32cube.ide.mcu.externaltools.gnu-tools-for-stm32.13.3.rel1.win32_1.0.0.202411081344/tools/bin/../lib/gcc/arm-none-eabi/13.3.1/../../../../arm-none-eabi/lib/thumb/v7-m/nofp\libstdc++_nano.a(eh_globals.o)
                              C:/ST/STM32CubeIDE_1.8.0/STM32CubeIDE/plugins/com.st.stm32cube.ide.mcu.externaltools.gnu-tools-for-stm32.13.3.rel1.win32_1.0.0.202411081344/tools/bin/../lib/gcc/arm-none-eabi/13.3.1/../../../../arm-none-eabi/lib/thumb/v7-m/nofp\libstdc++_nano.a(eh_catch.o) (__cxa_get_globals_fast)
C:/ST/STM32CubeIDE_1.8.0/STM32CubeIDE/plugins/com.st.stm32cube.ide.mcu.externaltools.gnu-tools-for-stm32.13.3.rel1.win32_1.0.0.202411081344/tools/bin/../lib/gcc/arm-none-eabi/13.3.1/../../../../arm-none-eabi/lib/thumb/v7-m/nofp\libstdc++_nano.a(eh_personality.o)
                              CMakeFiles/GameConsole-NewEdition-Champ.dir/App/Modules/Process/MainThread.cpp.obj (__gxx_personality_v0)
C:/ST/STM32CubeIDE_1.8.0/STM32CubeIDE/plugins/com.st.stm32cube.ide.mcu.externaltools.gnu-tools-for-stm32.13.3.rel1.win32_1.0.0.202411081344/tools/bin/../lib/gcc/arm-none-eabi/13.3.1/../../../../arm-none-eabi/lib/thumb/v7-m/nofp\libstdc++_nano.a(eh_terminate.o)
                              C:/ST/STM32CubeIDE_1.8.0/STM32CubeIDE/plugins/com.st.stm32cube.ide.mcu.externaltools.gnu-tools-for-stm32.13.3.rel1.win32_1.0.0.202411081344/tools/bin/../lib/gcc/arm-none-eabi/13.3.1/../../../../arm-none-eabi/lib/thumb/v7-m/nofp\libstdc++_nano.a(eh_arm.o) (std::terminate())
C:/ST/STM32CubeIDE_1.8.0/STM32CubeIDE/plugins/com.st.stm32cube.ide.mcu.externaltools.gnu-tools-for-stm32.13.3.rel1.win32_1.0.0.202411081344/tools/bin/../lib/gcc/arm-none-eabi/13.3.1/../../../../arm-none-eabi/lib/thumb/v7-m/nofp\libstdc++_nano.a(eh_throw.o)
                              CMakeFiles/GameConsole-NewEdition-Champ.dir/App/Modules/Process/MainThread.cpp.obj (__cxa_rethrow)
C:/ST/STM32CubeIDE_1.8.0/STM32CubeIDE/plugins/com.st.stm32cube.ide.mcu.externaltools.gnu-tools-for-stm32.13.3.rel1.win32_1.0.0.202411081344/tools/bin/../lib/gcc/arm-none-eabi/13.3.1/../../../../arm-none-eabi/lib/thumb/v7-m/nofp\libstdc++_nano.a(eh_unex_handler.o)
[...]
Memory Configuration

Name             Origin             Length             Attributes
RAM              0x20000000         0x00005000         xrw
FLASH            0x08000000         0x00020000         xr
*default*        0x00000000         0xffffffff

Linker script and memory map

LOAD C:/ST/STM32CubeIDE_1.8.0/STM32CubeIDE/plugins/com.st.stm32cube.ide.mcu.externaltools.gnu-tools-for-stm32.13.3.rel1.win32_1.0.0.202411081344/tools/bin/../lib/gcc/arm-none-eabi/13.3.1/thumb/v7-m/nofp/crti.o
LOAD C:/ST/STM32CubeIDE_1.8.0/STM32CubeIDE/plugins/com.st.stm32cube.ide.mcu.externaltools.gnu-tools-for-stm32.13.3.rel1.win32_1.0.0.202411081344/tools/bin/../lib/gcc/arm-none-eabi/13.3.1/thumb/v7-m/nofp/crtbegin.o
LOAD C:/ST/STM32CubeIDE_1.8.0/STM32CubeIDE/plugins/com.st.stm32cube.ide.mcu.externaltools.gnu-tools-for-stm32.13.3.rel1.win32_1.0.0.202411081344/tools/bin/../lib/gcc/arm-none-eabi/13.3.1/../../../../arm-none-eabi/lib/thumb/v7-m/nofp/crt0.o
START GROUP
END GROUP
LOAD CMakeFiles/GameConsole-NewEdition-Champ.dir/App/Modules/Adafruit_GFX/Adafruit_GFX.cpp.obj
LOAD CMakeFiles/GameConsole-NewEdition-Champ.dir/App/Modules/Adafruit_GFX/Draw_Write.cpp.obj
LOAD CMakeFiles/GameConsole-NewEdition-Champ.dir/App/Modules/Adafruit_GFX/ILI9341.cpp.obj
LOAD CMakeFiles/GameConsole-NewEdition-Champ.dir/App/Modules/Process/MainThread.cpp.obj
LOAD CMakeFiles/GameConsole-NewEdition-Champ.dir/App/Modules/Snake/SnakeLogic.cpp.obj
LOAD CMakeFiles/GameConsole-NewEdition-Champ.dir/App/Modules/Snake/SnakeTask.cpp.obj
LOAD CMakeFiles/GameConsole-NewEdition-Champ.dir/App/Modules/Sound/Melody.cpp.obj
LOAD CMakeFiles/GameConsole-NewEdition-Champ.dir/App/Modules/Sound/SoundManager.cpp.obj
LOAD CMakeFiles/GameConsole-NewEdition-Champ.dir/App/Modules/Tetris/TetrisLogic.cpp.obj
LOAD CMakeFiles/GameConsole-NewEdition-Champ.dir/App/Modules/Tetris/TetrisTask.cpp.obj
LOAD CMakeFiles/GameConsole-NewEdition-Champ.dir/App/Startup.cpp.obj
LOAD CMakeFiles/GameConsole-NewEdition-Champ.dir/Core/Src/buzzer.c.obj
LOAD CMakeFiles/GameConsole-NewEdition-Champ.dir/Core/Src/controls.c.obj
LOAD CMakeFiles/GameConsole-NewEdition-Champ.dir/Core/Src/main.c.obj
LOAD CMakeFiles/GameConsole-NewEdition-Champ.dir/Core/Src/stm32f1xx_api.c.obj
LOAD CMakeFiles/GameConsole-NewEdition-Champ.dir/Core/Src/stm32f1xx_conf.c.obj
LOAD CMakeFiles/GameConsole-NewEdition-Champ.dir/Core/Src/stm32f1xx_hal_msp.c.obj
LOAD CMakeFiles/GameConsole-NewEdition-Champ.dir/Core/Src/stm32f1xx_it.c.obj
LOAD CMakeFiles/GameConsole-NewEdition-Champ.dir/Core/Src/syscalls.c.obj
LOAD CMakeFiles/GameConsole-NewEdition-Champ.dir/Core/Src/sysmem.c.obj
LOAD CMakeFiles/GameConsole-NewEdition-Champ.dir/Core/Src/system_stm32f1xx.c.obj
LOAD CMakeFiles/GameConsole-NewEdition-Champ.dir/Core/Src/tiny_printf.c.obj
LOAD CMakeFiles/GameConsole-NewEdition-Champ.dir/AppVersion.cpp.obj
LOAD CMakeFiles/GameConsole-NewEdition-Champ.dir/Drivers/STM32F1xx_HAL_Driver/Src/stm32f1xx_hal.c.obj
LOAD CMakeFiles/GameConsole-NewEdition-Champ.dir/Drivers/STM32F1xx_HAL_Driver/Src/stm32f1xx_hal_cortex.c.obj
LOAD CMakeFiles/GameConsole-NewEdition-Champ.dir/Drivers/STM32F1xx_HAL_Driver/Src/stm32f1xx_hal_dma.c.obj
LOAD CMakeFiles/GameConsole-NewEdition-Champ.dir/Drivers/STM32F1xx_HAL_Driver/Src/stm32f1xx_hal_exti.c.obj
LOAD CMakeFiles/GameConsole-NewEdition-Champ.dir/Drivers/STM32F1xx_HAL_Driver/Src/stm32f1xx_hal_flash.c.obj
LOAD CMakeFiles/GameConsole-NewEdition-Champ.dir/Drivers/STM32F1xx_HAL_Driver/Src/stm32f1xx_hal_flash_ex.c.obj
LOAD CMakeFiles/GameConsole-NewEdition-Champ.dir/Drivers/STM32F1xx_HAL_Driver/Src/stm32f1xx_hal_gpio.c.obj
LOAD CMakeFiles/GameConsole-NewEdition-Champ.dir/Drivers/STM32F1xx_HAL_Driver/Src/stm32f1xx_hal_gpio_ex.c.obj
LOAD CMakeFiles/GameConsole-NewEdition-Champ.dir/Drivers/STM32F1xx_HAL_Driver/Src/stm32f1xx_hal_pwr.c.obj
LOAD CMakeFiles/GameConsole-NewEdition-Champ.dir/Drivers/STM32F1xx_HAL_Driver/Src/stm32f1xx_hal_rcc.c.obj
LOAD CMakeFiles/GameConsole-NewEdition-Champ.dir/Drivers/STM32F1xx_HAL_Driver/Src/stm32f1xx_hal_rcc_ex.c.obj
LOAD CMakeFiles/GameConsole-NewEdition-Champ.dir/Drivers/STM32F1xx_HAL_Driver/Src/stm32f1xx_hal_tim.c.obj
LOAD CMakeFiles/GameConsole-NewEdition-Champ.dir/Drivers/STM32F1xx_HAL_Driver/Src/stm32f1xx_hal_tim_ex.c.obj
LOAD CMakeFiles/GameConsole-NewEdition-Champ.dir/Drivers/STM32F1xx_HAL_Driver/Src/stm32f1xx_hal_uart.c.obj
LOAD CMakeFiles/GameConsole-NewEdition-Champ.dir/Startup/startup_stm32f103c8tx.s.obj
LOAD C:/ST/STM32CubeIDE_1.8.0/STM32CubeIDE/plugins/com.st.stm32cube.ide.mcu.externaltools.gnu-tools-for-stm32.13.3.rel1.win32_1.0.0.202411081344/tools/bin/../lib/gcc/arm-none-eabi/13.3.1/../../../../arm-none-eabi/lib/thumb/v7-m/nofp\libstdc++_nano.a
LOAD C:/ST/STM32CubeIDE_1.8.0/STM32CubeIDE/plugins/com.st.stm32cube.ide.mcu.externaltools.gnu-tools-for-stm32.13.3.rel1.win32_1.0.0.202411081344/tools/bin/../lib/gcc/arm-none-eabi/13.3.1/../../../../arm-none-eabi/lib/thumb/v7-m/nofp\libm.a
LOAD C:/ST/STM32CubeIDE_1.8.0/STM32CubeIDE/plugins/com.st.stm32cube.ide.mcu.externaltools.gnu-tools-for-stm32.13.3.rel1.win32_1.0.0.202411081344/tools/bin/../lib/gcc/arm-none-eabi/13.3.1/../../../../arm-none-eabi/lib/thumb/v7-m/nofp\libc_nano.a
START GROUP
LOAD C:/ST/STM32CubeIDE_1.8.0/STM32CubeIDE/plugins/com.st.stm32cube.ide.mcu.externaltools.gnu-tools-for-stm32.13.3.rel1.win32_1.0.0.202411081344/tools/bin/../lib/gcc/arm-none-eabi/13.3.1/thumb/v7-m/nofp\libgcc.a
LOAD C:/ST/STM32CubeIDE_1.8.0/STM32CubeIDE/plugins/com.st.stm32cube.ide.mcu.externaltools.gnu-tools-for-stm32.13.3.rel1.win32_1.0.0.202411081344/tools/bin/../lib/gcc/arm-none-eabi/13.3.1/../../../../arm-none-eabi/lib/thumb/v7-m/nofp\libg_nano.a
LOAD C:/ST/STM32CubeIDE_1.8.0/STM32CubeIDE/plugins/com.st.stm32cube.ide.mcu.externaltools.gnu-tools-for-stm32.13.3.rel1.win32_1.0.0.202411081344/tools/bin/../lib/gcc/arm-none-eabi/13.3.1/../../../../arm-none-eabi/lib/thumb/v7-m/nofp\libc_nano.a
END GROUP
START GROUP
LOAD C:/ST/STM32CubeIDE_1.8.0/STM32CubeIDE/plugins/com.st.stm32cube.ide.mcu.externaltools.gnu-tools-for-stm32.13.3.rel1.win32_1.0.0.202411081344/tools/bin/../lib/gcc/arm-none-eabi/13.3.1/thumb/v7-m/nofp\libgcc.a
LOAD C:/ST/STM32CubeIDE_1.8.0/STM32CubeIDE/plugins/com.st.stm32cube.ide.mcu.externaltools.gnu-tools-for-stm32.13.3.rel1.win32_1.0.0.202411081344/tools/bin/../lib/gcc/arm-none-eabi/13.3.1/../../../../arm-none-eabi/lib/thumb/v7-m/nofp\libc_nano.a
LOAD C:/ST/STM32CubeIDE_1.8.0/STM32CubeIDE/plugins/com.st.stm32cube.ide.mcu.externaltools.gnu-tools-for-stm32.13.3.rel1.win32_1.0.0.202411081344/tools/bin/../lib/gcc/arm-none-eabi/13.3.1/../../../../arm-none-eabi/lib/thumb/v7-m/nofp\libnosys.a
END GROUP
START GROUP
LOAD C:/ST/STM32CubeIDE_1.8.0/STM32CubeIDE/plugins/com.st.stm32cube.ide.mcu.externaltools.gnu-tools-for-stm32.13.3.rel1.win32_1.0.0.202411081344/tools/bin/../lib/gcc/arm-none-eabi/13.3.1/thumb/v7-m/nofp\libgcc.a
LOAD C:/ST/STM32CubeIDE_1.8.0/STM32CubeIDE/plugins/com.st.stm32cube.ide.mcu.externaltools.gnu-tools-for-stm32.13.3.rel1.win32_1.0.0.202411081344/tools/bin/../lib/gcc/arm-none-eabi/13.3.1/../../../../arm-none-eabi/lib/thumb/v7-m/nofp\libc_nano.a
LOAD C:/ST/STM32CubeIDE_1.8.0/STM32CubeIDE/plugins/com.st.stm32cube.ide.mcu.externaltools.gnu-tools-for-stm32.13.3.rel1.win32_1.0.0.202411081344/tools/bin/../lib/gcc/arm-none-eabi/13.3.1/../../../../arm-none-eabi/lib/thumb/v7-m/nofp\libnosys.a
END GROUP
LOAD C:/ST/STM32CubeIDE_1.8.0/STM32CubeIDE/plugins/com.st.stm32cube.ide.mcu.externaltools.gnu-tools-for-stm32.13.3.rel1.win32_1.0.0.202411081344/tools/bin/../lib/gcc/arm-none-eabi/13.3.1/thumb/v7-m/nofp/crtend.o
LOAD C:/ST/STM32CubeIDE_1.8.0/STM32CubeIDE/plugins/com.st.stm32cube.ide.mcu.externaltools.gnu-tools-for-stm32.13.3.rel1.win32_1.0.0.202411081344/tools/bin/../lib/gcc/arm-none-eabi/13.3.1/thumb/v7-m/nofp/crtn.o
                0x20005000                        _estack = (ORIGIN (RAM) + LENGTH (RAM))
                0x00000200                        _Min_Heap_Size = 0x200
                0x00000400                        _Min_Stack_Size = 0x400

.isr_vector     0x08000000      0x130
                0x08000000                        . = ALIGN (0x4)
 *(.isr_vector)
 .isr_vector    0x08000000      0x130 CMakeFiles/GameConsole-NewEdition-Champ.dir/Startup/startup_stm32f103c8tx.s.obj
                0x08000000                g_pfnVectors
                0x08000130                        . = ALIGN (0x4)

.text           0x08000130     0xf25c
                0x08000130                        . = ALIGN (0x4)
 *(.text)
 .text          0x08000130       0x40 C:/ST/STM32CubeIDE_1.8.0/STM32CubeIDE/plugins/com.st.stm32cube.ide.mcu.externaltools.gnu-tools-for-stm32.13.3.rel1.win32_1.0.0.202411081344/tools/bin/../lib/gcc/arm-none-eabi/13.3.1/thumb/v7-m/nofp/crtbegin.o
 .text          0x08000170     0x1094 CMakeFiles/GameConsole-NewEdition-Champ.dir/App/Modules/Adafruit_GFX/Adafruit_GFX.cpp.obj
                0x08000170                tft_writeLine(short, short, short, short, unsigned short)
                0x0800021a                tft_writePixel(short, short, unsigned short)
                0x0800021e                tft_writeFastVLine(short, short, short, unsigned short)
                0x08000222                tft_writeFastHLine(short, short, short, unsigned short)
                0x08000226                tft_writeFillRect(short, short, short, short, unsigned short)
                0x08000234                tft_fillScreen(unsigned short)
                0x08000254                tft_drawLine(short, short, short, short, unsigned short)
                0x080002aa                tft_drawCircle(short, short, short, unsigned short)
                0x080003ca                tft_drawCircleHelper(short, short, short, unsigned char, unsigned short)
                0x080004ec                tft_fillCircleHelper(short, short, short, unsigned char, short, unsigned short)
                0x080005e4                tft_fillCircle(short, short, short, unsigned short)
                0x08000614                tft_drawRect(short, short, short, short, unsigned short)
                0x0800065a                tft_drawRoundRect(short, short, short, short, short, unsigned short)
                0x08000732                tft_fillRoundRect(short, short, short, short, short, unsigned short)
                0x080007a6                tft_drawTriangle(short, short, short, short, short, short, unsigned short)
                0x080007e6                tft_fillTriangle(short, short, short, short, short, short, unsigned short)
                0x0800095e                tft_drawBitmap(short, short, unsigned char const*, short, short, unsigned short)
                0x080009e2                tft_drawBitmap_01(short, short, unsigned char const*, short, short, unsigned short, unsigned short)
                0x080009e4                tft_drawBitmap_02(short, short, unsigned char*, short, short, unsigned short)
                0x080009e6                tft_drawBitmap_03(short, short, unsigned char*, short, short, unsigned short, unsigned short)
                0x080009e8                tft_drawXBitmap(short, short, unsigned char const*, short, short, unsigned short)
                0x080009ea                tft_drawChar(short, short, unsigned char, unsigned short, unsigned short, unsigned char)
                0x08000bbc                tft_write(unsigned char)
                0x08000cac                tft_setCursor(short, short)
                0x08000cb8                tft_getCursorX()
                0x08000cc4                tft_getCursorY()
                0x08000cd0                tft_setTextSize(unsigned char)
                0x08000ce0                tft_setTextColor(unsigned short)
                0x08000cec                tft_setTextColor_01(unsigned short, unsigned short)
                0x08000cf8                tft_setTextWrap(bool)
                0x08000d04                tft_getRotation()
                0x08000d10                tft_setRotation(unsigned char)
                0x08000d3c                tft_setFont(GFXfont const*)
                0x08000d5c                tft_begin()
                0x08000d94                tft_getTextBounds(char*, short, short, short*, short*, unsigned short*, unsigned short*)
                0x08000f40                tft_width()
                0x08000f4c                tft_height()
                0x08000f58                tft_invertDisplay(bool)
                0x08000f5a                tft_print(char*)
                0x08000f76                tft_print(char const*)
                0x08000f7a                ts_itoa(char**, unsigned int, int)
                0x08000fb0                ts_formatstring(char*, char const*, std::__va_list)
                0x0800106a                tft_printf(char const*, ...)
                0x08001094                tft_print(int)
                0x080010a0                tft_print(float)
                0x080010b8                tft_box_write(tb_data*, unsigned char)
                0x080011d4                tft_box_print(tb_data*, char*)
 .text          0x08001204      0x794 CMakeFiles/GameConsole-NewEdition-Champ.dir/App/Modules/Adafruit_GFX/ILI9341.cpp.obj
                0x0800125c                ili9341_setLR()
                0x0800125e                ili9341_reset()
                0x08001288                flood(unsigned short, unsigned long)
                0x08001400                pushColors(unsigned short*, unsigned char, bool)
                0x080014ac                color565(unsigned char, unsigned char, unsigned char)
                0x080014c4                read8_()
                0x080014f0                readReg32(unsigned char)
                0x08001554                readReg(unsigned char)
                0x080015ac                writeRegister8(unsigned char, unsigned char)
                0x080015fc                writeRegisterPair(unsigned char, unsigned char, unsigned short)
                0x08001614                writeRegister16(unsigned short, unsigned short)
                0x08001674                writeRegister32(unsigned char, unsigned long)
                0x080016f4                setAddrWindow(int, int, int, int)
                0x08001712                ili9341_begin()
                0x080017fc                drawFastHLine(short, short, short, unsigned short)
                0x0800184a                drawFastVLine(short, short, short, unsigned short)
                0x08001892                fillRect(short, short, short, short, unsigned short)
                0x0800190c                fillScreen(unsigned short)
                0x0800192c                drawPixel(short, short, unsigned short)
                0x08001956                setRotation(unsigned char)
 .text          0x08001998      0x71c CMakeFiles/GameConsole-NewEdition-Champ.dir/App/Modules/Process/MainThread.cpp.obj
                0x08001a56                playMelody1()
                0x08001a64                playMelody2()
                0x08001a70                buttonSoundResponse()
                0x08001a80                printMainPreview()
                0x08001aac                printAboutPreview()
                0x08001ad8                printAboutInterface()
                0x08001b90                printMenuButtons()
                0x08001c74                printMenuInterface()
                0x08001ce0                initializeSound()
                0x08001d88                onLeftButton
                0x08001dac                onWheel
                0x08001de8                onRightButton
                0x08001e0c                onMidRightButton
                0x08001e30                onMidButton
                0x08001e54                onMidLeftButton
                0x08001e78                MainInit()
                0x08001fa8                MainThread()
 .text          0x080020b4      0x450 CMakeFiles/GameConsole-NewEdition-Champ.dir/App/Modules/Snake/SnakeLogic.cpp.obj
                0x08002188                ClassicSnake::Promote(Coordinate&)
                0x080021b4                ClassicSnake::CheckBoundaries(Coordinate&)
                0x080021ee                ClassicSnake::Move()
                0x0800224c                ClassicSnake::AddNodeToEnd()
                0x08002276                ClassicSnake::NewDirection(directions)
                0x0800227a                ClassicSnake::CheckSnakeCollision(SnakeNode const&) const
                0x080022a2                ClassicSnake::GenerateNewFruit()
                0x080022ec                ClassicSnake::CheckFruit()
                0x08002306                ClassicSnake::getSizeSnake()
                0x0800230c                ClassicSnake::ClassicSnake(Coordinate, Coordinate, unsigned short, unsigned short, unsigned short, unsigned short)
                0x0800230c                ClassicSnake::ClassicSnake(Coordinate, Coordinate, unsigned short, unsigned short, unsigned short, unsigned short)
                0x080023f4                ClassicSnake::getPauseInputState()
                0x0800247c                ClassicSnake::getGameInputState()
 .text          0x08002504      0x1f0 CMakeFiles/GameConsole-NewEdition-Champ.dir/App/Modules/Snake/SnakeTask.cpp.obj
                0x08002504                printSnakeSquare(SnakeNode&)
                0x0800252a                printPauseInterface(ClassicSnake&)
                0x0800259c                SnakeTask(Core::FA::Stack<Core::FA::InputState>*)
 .text          0x080026f4      0x2f0 CMakeFiles/GameConsole-NewEdition-Champ.dir/App/Modules/Sound/Melody.cpp.obj
                0x080026f4                Core::Sound::Melody::countOfNotes() const
                0x080026fe                Core::Sound::Melody::getNoteByIndex(int) const
                0x08002730                Core::Sound::Melody::getRate() const
                0x08002734                Core::Sound::Melody::createMelody(char const*, int, std::weak_ptr<Core::Sound::SoundManager> const&)
                0x080028c4                Core::Sound::Melody::play()
                0x08002910                Core::Sound::Melody::stop()
                0x08002940                Core::Sound::Melody::isPlayed() const
 .text          0x080029e4       0xf8 CMakeFiles/GameConsole-NewEdition-Champ.dir/App/Modules/Sound/SoundManager.cpp.obj
                0x080029e4                Core::Sound::SoundManager::isBusy() const
                0x080029f8                Core::Sound::SoundManager::stop()
                0x08002a10                Core::Sound::SoundManager::currentMelody() const
                0x08002ab0                onBuzzerStop
                0x08002ab2                Core::Sound::SoundManager::play(std::weak_ptr<Core::Sound::Melody> const&)
 .text          0x08002adc     0x10b8 CMakeFiles/GameConsole-NewEdition-Champ.dir/App/Modules/Tetris/TetrisLogic.cpp.obj
                0x08002ce8                TetrisManager::GenerateNewFigure()
                0x08002d1c                TetrisFigure::isContainsUnitInColumne(unsigned int)
                0x08002db8                TetrisFigure::isContainsUnitInRow(unsigned int)
                0x08002e54                TetrisFigure::CheckBoundaries()
                0x08002eb0                TetrisFigure::isIntersectionBlocks()
                0x08002f56                TetrisFigure::FillFieldFigure()
                0x08002f9e                TetrisFigure::CheckEndGame()
                0x08002fc0                TetrisFigure::TetrisFigure(std::vector<PartTetrisBlock, std::allocator<PartTetrisBlock> >&&, Coordinate, unsigned int, unsigned long, TetrisManager&)
                0x08002fc0                TetrisFigure::TetrisFigure(std::vector<PartTetrisBlock, std::allocator<PartTetrisBlock> >&&, Coordinate, unsigned int, unsigned long, TetrisManager&)
                0x0800313c                TetrisFigure::MoveDown()
                0x080031a0                TetrisFigure::MoveHorizontally(Directions)
                0x0800324e                TetrisFigure::Rotate()
                0x08003424                CreateFigures(TetrisManager&)
                0x080037d8                TetrisManager::TetrisManager()
                0x080037d8                TetrisManager::TetrisManager()
                0x08003884                TetrisManager::getGameInputState()
                0x08003a30                TetrisManager::getPauseInputState()
                0x08003ab8                TetrisManager::EraseFilledRow()
 .text          0x08003b94      0x52c CMakeFiles/GameConsole-NewEdition-Champ.dir/App/Modules/Tetris/TetrisTask.cpp.obj
                0x08003b94                PrintTetrisFigure(TetrisFigure const&)
                0x08003bfe                ErasePrevFigure(TetrisFigure const&)
                0x08003c66                EraseFigure(TetrisFigure const&)
                0x08003cce                PrintTetrisField(std::vector<PartTetrisBlock, std::allocator<PartTetrisBlock> >&)
                0x08003d1e                PrintNextFigure(TetrisFigure const&)
                0x08003d96                PrintRowNPoint(unsigned int const&, unsigned int const&)
                0x08003dbe                printPauseInterface()
                0x08003e38                PrintTetrisInterface()
                0x08003f24                TetrisTask(Core::FA::Stack<Core::FA::InputState>*)
 .text          0x080040c0       0x2c CMakeFiles/GameConsole-NewEdition-Champ.dir/App/Startup.cpp.obj
                0x080040c0                doMain
 .text          0x080040ec      0x198 CMakeFiles/GameConsole-NewEdition-Champ.dir/Core/Src/buzzer.c.obj
                0x080040ec                initializeBuzzer
                0x08004114                switchBuzzer
                0x0800414c                setBuzzerParameters
                0x080041b4                playSound
                0x080041c4                playSoundDeferred
                0x080041f6                handleBuzzerTimerInterrupt
 .text          0x08004284      0x328 CMakeFiles/GameConsole-NewEdition-Champ.dir/Core/Src/controls.c.obj
                0x08004290                initializeControls
                0x0800439c                handleGPIOInterrupt
                0x08004498                forceHandleWeakControls
                0x080044b4                handleControlsTimerInterrupt
 .text          0x080045ac       0x62 CMakeFiles/GameConsole-NewEdition-Champ.dir/Core/Src/main.c.obj
                0x080045ac                SystemClock_Config
                0x0800460a                Error_Handler
 *fill*         0x0800460e        0x2 
 .text          0x08004610      0x1b8 CMakeFiles/GameConsole-NewEdition-Champ.dir/Core/Src/stm32f1xx_api.c.obj
                0x08004610                initializeAPI
                0x08004634                hardfaultInternalHandler
                0x08004648                printTimeStamp
                0x08004680                logString
                0x080046b0                getTick
                0x080046b4                delayMS
                0x080046b8                delayUS
                0x080046f8                UARTTransmit
                0x0800471c                dumpProcessorTrace
                0x08004794                writeSink
                0x080047b4                LED_ON
 .text          0x080047c8       0x34 CMakeFiles/GameConsole-NewEdition-Champ.dir/Core/Src/stm32f1xx_conf.c.obj
                0x080047c8                hardfaultHandler
                0x080047cc                tim1Interrupt
                0x080047d0                tim2Interrupt
                0x080047d4                disableGPIOInterrupts
                0x080047e0                enableGPIOInterrupts
                0x080047ec                gpioInterrupt
 .text          0x080047fc      0x1f0 CMakeFiles/GameConsole-NewEdition-Champ.dir/Core/Src/stm32f1xx_hal_msp.c.obj
                0x080047fc                HAL_MspInit
                0x08004840                HAL_TIM_Base_MspInit
                0x08004880                HAL_TIM_PWM_MspInit
                0x080048bc                HAL_TIM_MspPostInit
                0x08004904                HAL_TIM_Base_MspDeInit
                0x08004928                HAL_TIM_PWM_MspDeInit
                0x08004948                HAL_UART_MspInit
                0x080049c0                HAL_UART_MspDeInit
 .text          0x080049ec       0x7c CMakeFiles/GameConsole-NewEdition-Champ.dir/Core/Src/stm32f1xx_it.c.obj
                0x080049ec                NMI_Handler
                0x080049ee                HardFault_Handler
                0x080049f6                MemManage_Handler
                0x080049f8                BusFault_Handler
                0x080049fa                UsageFault_Handler
                0x080049fc                SVC_Handler
                0x080049fe                DebugMon_Handler
                0x08004a00                PendSV_Handler
                0x08004a02                SysTick_Handler
                0x08004a06                EXTI0_IRQHandler
                0x08004a0c                EXTI1_IRQHandler
                0x08004a12                EXTI3_IRQHandler
                0x08004a18                EXTI4_IRQHandler
                0x08004a1e                EXTI9_5_IRQHandler
                0x08004a24                TIM1_UP_IRQHandler
                0x08004a38                TIM2_IRQHandler
                0x08004a4c                EXTI15_10_IRQHandler
                0x08004a62                HAL_GPIO_EXTI_Callback
 .text          0x08004a68      0x104 CMakeFiles/GameConsole-NewEdition-Champ.dir/Core/Src/syscalls.c.obj
                0x08004a68                initialise_monitor_handles
                0x08004a6a                _getpid
                0x08004a6e                _kill
                0x08004a7e                _exit
                0x08004a8a                _read
                0x08004aa6                _write
                0x08004ad2                _putchar
                0x08004aea                _close
                0x08004af0                _fstat
                0x08004afa                _isatty
                0x08004afe                _lseek
                0x08004b02                _open
                0x08004b0c                _wait
                0x08004b1c                _unlink
                0x08004b2c                _times
                0x08004b32                _stat
                0x08004b3c                _link
                0x08004b4c                _fork
                0x08004b5c                _execve
 .text          0x08004b6c       0x40 CMakeFiles/GameConsole-NewEdition-Champ.dir/Core/Src/sysmem.c.obj
                0x08004b6c                _sbrk
 .text          0x08004bac       0x58 CMakeFiles/GameConsole-NewEdition-Champ.dir/Core/Src/system_stm32f1xx.c.obj
                0x08004bac                SystemInit
                0x08004bae                SystemCoreClockUpdate
 *fill*         0x08004c04        0x4 
 .text          0x08004c08      0xa84 CMakeFiles/GameConsole-NewEdition-Champ.dir/Core/Src/tiny_printf.c.obj
                0x080055ae                printf_
                0x080055d8                sprintf_
                0x08005600                snprintf_
                0x08005628                vprintf_
                0x08005644                vsnprintf_
                0x08005660                fctprintf
 .text          0x0800568c      0x1d0 CMakeFiles/GameConsole-NewEdition-Champ.dir/Drivers/STM32F1xx_HAL_Driver/Src/stm32f1xx_hal.c.obj
                0x0800568e                HAL_MspDeInit
                0x08005690                HAL_DeInit
                0x080056b0                HAL_InitTick
                0x080056f4                HAL_Init
                0x08005718                HAL_IncTick
                0x08005730                HAL_GetTick
                0x0800573c                HAL_GetTickPrio
                0x08005748                HAL_SetTickFreq
                0x08005768                HAL_GetTickFreq
                0x08005774                HAL_Delay
                0x08005798                HAL_SuspendTick
                0x080057a6                HAL_ResumeTick
                0x080057b4                HAL_GetHalVersion
                0x080057bc                HAL_GetREVID
                0x080057c8                HAL_GetDEVID
                0x080057d8                HAL_GetUIDw0
                0x080057e4                HAL_GetUIDw1
                0x080057f0                HAL_GetUIDw2
                0x080057fc                HAL_DBGMCU_EnableDBGSleepMode
                0x0800580c                HAL_DBGMCU_DisableDBGSleepMode
                0x0800581c                HAL_DBGMCU_EnableDBGStopMode
                0x0800582c                HAL_DBGMCU_DisableDBGStopMode
                0x0800583c                HAL_DBGMCU_EnableDBGStandbyMode
                0x0800584c                HAL_DBGMCU_DisableDBGStandbyMode
 .text          0x0800585c      0x21c CMakeFiles/GameConsole-NewEdition-Champ.dir/Drivers/STM32F1xx_HAL_Driver/Src/stm32f1xx_hal_cortex.c.obj
                0x0800585c                HAL_NVIC_SetPriorityGrouping
                0x08005880                HAL_NVIC_SetPriority
                0x080058e0                HAL_NVIC_EnableIRQ
                0x080058fc                HAL_NVIC_DisableIRQ
                0x08005920                HAL_NVIC_SystemReset
                0x08005944                HAL_SYSTICK_Config
                0x0800596c                HAL_NVIC_GetPriorityGrouping
                0x0800597c                HAL_NVIC_GetPriority
                0x080059d8                HAL_NVIC_SetPendingIRQ
                0x080059f4                HAL_NVIC_GetPendingIRQ
                0x08005a18                HAL_NVIC_ClearPendingIRQ
                0x08005a34                HAL_NVIC_GetActive
                0x08005a58                HAL_SYSTICK_CLKSourceConfig
                0x08005a6e                HAL_SYSTICK_Callback
                0x08005a70                HAL_SYSTICK_IRQHandler
 .text          0x08005a78      0x650 CMakeFiles/GameConsole-NewEdition-Champ.dir/Drivers/STM32F1xx_HAL_Driver/Src/stm32f1xx_hal_dma.c.obj
                0x08005a78                HAL_DMA_Init
                0x08005ad8                HAL_DMA_DeInit
                0x08005b2c                HAL_DMA_Start
                0x08005b88                HAL_DMA_Start_IT
                0x08005c00                HAL_DMA_Abort
                0x08005c3e                HAL_DMA_Abort_IT
                0x08005ccc                HAL_DMA_PollForTransfer
                0x08005f00                HAL_DMA_IRQHandler
                0x08006028                HAL_DMA_RegisterCallback
                0x0800606a                HAL_DMA_UnRegisterCallback
                0x080060bc                HAL_DMA_GetState
                0x080060c2                HAL_DMA_GetError
 .text          0x080060c8      0x2f0 CMakeFiles/GameConsole-NewEdition-Champ.dir/Drivers/STM32F1xx_HAL_Driver/Src/stm32f1xx_hal_gpio.c.obj
                0x080060c8                HAL_GPIO_Init
                0x08006270                HAL_GPIO_DeInit
                0x0800634c                HAL_GPIO_ReadPin
                0x08006358                HAL_GPIO_WritePin
                0x08006362                HAL_GPIO_TogglePin
                0x08006374                HAL_GPIO_LockPin
                0x080063a0                HAL_GPIO_EXTI_IRQHandler
 .text          0x080063b8      0x704 CMakeFiles/GameConsole-NewEdition-Champ.dir/Drivers/STM32F1xx_HAL_Driver/Src/stm32f1xx_hal_rcc.c.obj
                0x080063b8                HAL_RCC_DeInit
                0x08006490                HAL_RCC_OscConfig
                0x080067c8                HAL_RCC_MCOConfig
                0x08006814                HAL_RCC_EnableCSS
                0x08006820                HAL_RCC_DisableCSS
                0x0800682c                HAL_RCC_GetSysClockFreq
                0x08006874                HAL_RCC_ClockConfig
                0x080069ac                HAL_RCC_GetHCLKFreq
                0x080069b8                HAL_RCC_GetPCLK1Freq
                0x080069d8                HAL_RCC_GetPCLK2Freq
                0x080069f8                HAL_RCC_GetOscConfig
                0x08006a64                HAL_RCC_GetClockConfig
                0x08006aa0                HAL_RCC_CSSCallback
                0x08006aa2                HAL_RCC_NMI_IRQHandler
 .text          0x08006abc     0x25b8 CMakeFiles/GameConsole-NewEdition-Champ.dir/Drivers/STM32F1xx_HAL_Driver/Src/stm32f1xx_hal_tim.c.obj
                0x08006ba8                HAL_TIM_Base_DeInit
                0x08006c06                HAL_TIM_Base_Start
                0x08006c50                HAL_TIM_Base_Stop
                0x08006c78                HAL_TIM_Base_Start_IT
                0x08006ccc                HAL_TIM_Base_Stop_IT
                0x08006cfc                HAL_TIM_Base_Start_DMA
                0x08006d8c                HAL_TIM_Base_Stop_DMA
                0x08006dc8                HAL_TIM_OC_MspInit
                0x08006dca                HAL_TIM_OC_MspDeInit
                0x08006dcc                HAL_TIM_OC_DeInit
                0x08006e2e                HAL_TIM_PWM_DeInit
                0x08006e8c                HAL_TIM_IC_MspInit
                0x08006e8e                HAL_TIM_IC_MspDeInit
                0x08006e90                HAL_TIM_IC_DeInit
                0x08006eee                HAL_TIM_OnePulse_MspInit
                0x08006ef0                HAL_TIM_OnePulse_MspDeInit
                0x08006ef2                HAL_TIM_OnePulse_DeInit
                0x08006f40                HAL_TIM_OnePulse_Start
                0x08006fbc                HAL_TIM_OnePulse_Stop
                0x08007030                HAL_TIM_OnePulse_Start_IT
                0x080070bc                HAL_TIM_OnePulse_Stop_IT
                0x08007140                HAL_TIM_Encoder_MspInit
                0x08007142                HAL_TIM_Encoder_MspDeInit
                0x08007144                HAL_TIM_Encoder_DeInit
                0x08007192                HAL_TIM_Encoder_Start
                0x08007244                HAL_TIM_Encoder_Stop
                0x080072b6                HAL_TIM_Encoder_Start_IT
                0x08007390                HAL_TIM_Encoder_Stop_IT
                0x08007428                HAL_TIM_Encoder_Start_DMA
                0x080075dc                HAL_TIM_Encoder_Stop_DMA
                0x08007692                HAL_TIM_DMABurst_MultiWriteStart
                0x08007764                HAL_TIM_DMABurst_WriteStart
                0x08007778                HAL_TIM_DMABurst_WriteStop
                0x080077e0                HAL_TIM_DMABurst_MultiReadStart
                0x080078b4                HAL_TIM_DMABurst_ReadStart
                0x080078c8                HAL_TIM_DMABurst_ReadStop
                0x080078cc                HAL_TIM_GenerateEvent
                0x080078f0                HAL_TIM_ConfigTI1Input
                0x08007900                HAL_TIM_ReadCapturedValue
                0x0800792c                HAL_TIM_PeriodElapsedCallback
                0x08007944                HAL_TIM_PeriodElapsedHalfCpltCallback
                0x08007950                HAL_TIM_OC_DelayElapsedCallback
                0x08007952                HAL_TIM_IC_CaptureCallback
                0x08007954                TIM_DMACaptureCplt
                0x080079ce                HAL_TIM_IC_CaptureHalfCpltCallback
                0x080079d0                TIM_DMACaptureHalfCplt
                0x08007a08                HAL_TIM_PWM_PulseFinishedCallback
                0x08007a74                HAL_TIM_PWM_PulseFinishedHalfCpltCallback
                0x08007a76                TIM_DMADelayPulseHalfCplt
                0x08007aae                HAL_TIM_TriggerCallback
                0x08007ab0                HAL_TIM_IRQHandler
                0x08007bee                HAL_TIM_TriggerHalfCpltCallback
                0x08007bfa                HAL_TIM_ErrorCallback
                0x08007bfc                TIM_DMAError
                0x08007c54                HAL_TIM_Base_GetState
                0x08007c5a                HAL_TIM_OC_GetState
                0x08007c60                HAL_TIM_PWM_GetState
                0x08007c66                HAL_TIM_IC_GetState
                0x08007c6c                HAL_TIM_OnePulse_GetState
                0x08007c72                HAL_TIM_Encoder_GetState
                0x08007c78                HAL_TIM_GetActiveChannel
                0x08007c7c                HAL_TIM_GetChannelState
                0x08007c9e                HAL_TIM_DMABurstState
                0x08007ca4                TIM_Base_SetConfig
                0x08007d08                HAL_TIM_Base_Init
                0x08007d60                HAL_TIM_OC_Init
                0x08007db8                HAL_TIM_PWM_Init
                0x08007e10                HAL_TIM_IC_Init
                0x08007e68                HAL_TIM_OnePulse_Init
                0x08007ec2                HAL_TIM_Encoder_Init
                0x08007f6a                TIM_OC2_SetConfig
                0x08007fc0                HAL_TIM_OC_ConfigChannel
                0x0800800c                HAL_TIM_PWM_ConfigChannel
                0x080080bc                TIM_TI1_SetConfig
                0x0800810c                HAL_TIM_IC_ConfigChannel
                0x08008222                HAL_TIM_OnePulse_ConfigChannel
                0x08008324                TIM_ETR_SetConfig
                0x08008338                HAL_TIM_ConfigOCrefClear
                0x080083fe                HAL_TIM_ConfigClockSource
                0x080085f0                HAL_TIM_SlaveConfigSynchro_IT
                0x0800863e                HAL_TIM_SlaveConfigSynchro
                0x0800868c                TIM_CCxChannelCmd
                0x080086a8                HAL_TIM_OC_Start
                0x08008744                HAL_TIM_PWM_Start
                0x08008748                HAL_TIM_OC_Stop
                0x080087bc                HAL_TIM_PWM_Stop
                0x080087c0                HAL_TIM_OC_Start_IT
                0x08008880                HAL_TIM_PWM_Start_IT
                0x08008884                HAL_TIM_OC_Stop_IT
                0x08008938                HAL_TIM_PWM_Stop_IT
                0x0800893c                HAL_TIM_OC_Start_DMA
                0x08008ab4                HAL_TIM_PWM_Start_DMA
                0x08008ab8                HAL_TIM_OC_Stop_DMA
                0x08008b7c                HAL_TIM_PWM_Stop_DMA
                0x08008b80                HAL_TIM_IC_Start
                0x08008c3c                HAL_TIM_IC_Stop
                0x08008c9a                HAL_TIM_IC_Start_IT
                0x08008d7c                HAL_TIM_IC_Stop_IT
                0x08008e18                HAL_TIM_IC_Start_DMA
                0x08008fcc                HAL_TIM_IC_Stop_DMA
 .text          0x08009074      0xcb0 CMakeFiles/GameConsole-NewEdition-Champ.dir/Drivers/STM32F1xx_HAL_Driver/Src/stm32f1xx_hal_tim_ex.c.obj
                0x08009124                HAL_TIMEx_HallSensor_MspInit
                0x08009126                HAL_TIMEx_HallSensor_Init
                0x080091e8                HAL_TIMEx_HallSensor_MspDeInit
                0x080091ea                HAL_TIMEx_HallSensor_DeInit
                0x08009238                HAL_TIMEx_HallSensor_Start
                0x080092bc                HAL_TIMEx_HallSensor_Stop
                0x080092fe                HAL_TIMEx_HallSensor_Start_IT
                0x0800938c                HAL_TIMEx_HallSensor_Stop_IT
                0x080093d6                HAL_TIMEx_HallSensor_Start_DMA
                0x08009488                HAL_TIMEx_HallSensor_Stop_DMA
                0x080094d2                HAL_TIMEx_OCN_Start
                0x08009568                HAL_TIMEx_OCN_Stop
                0x080095d2                HAL_TIMEx_OCN_Start_IT
                0x0800968c                HAL_TIMEx_OCN_Stop_IT
                0x0800972e                HAL_TIMEx_OCN_Start_DMA
                0x0800987c                HAL_TIMEx_OCN_Stop_DMA
                0x0800991a                HAL_TIMEx_PWMN_Start
                0x0800991e                HAL_TIMEx_PWMN_Stop
                0x08009922                HAL_TIMEx_PWMN_Start_IT
                0x08009926                HAL_TIMEx_PWMN_Stop_IT
                0x0800992a                HAL_TIMEx_PWMN_Start_DMA
                0x0800992e                HAL_TIMEx_PWMN_Stop_DMA
                0x08009932                HAL_TIMEx_OnePulseN_Start
                0x0800999c                HAL_TIMEx_OnePulseN_Stop
                0x08009a08                HAL_TIMEx_OnePulseN_Start_IT
                0x08009a82                HAL_TIMEx_OnePulseN_Stop_IT
                0x08009afe                HAL_TIMEx_ConfigCommutEvent
                0x08009b58                HAL_TIMEx_ConfigCommutEvent_IT
                0x08009bb2                HAL_TIMEx_ConfigCommutEvent_DMA
                0x08009c28                HAL_TIMEx_MasterConfigSynchronization
                0x08009c84                HAL_TIMEx_ConfigBreakDeadTime
                0x08009cd0                HAL_TIMEx_RemapConfig
                0x08009cd4                HAL_TIMEx_CommutCallback
                0x08009cd6                TIMEx_DMACommutationCplt
                0x08009ce6                HAL_TIMEx_CommutHalfCpltCallback
                0x08009ce8                TIMEx_DMACommutationHalfCplt
                0x08009cf8                HAL_TIMEx_BreakCallback
                0x08009cfa                HAL_TIMEx_HallSensor_GetState
                0x08009d00                HAL_TIMEx_GetChannelNState
 .text          0x08009d24     0x13e8 CMakeFiles/GameConsole-NewEdition-Champ.dir/Drivers/STM32F1xx_HAL_Driver/Src/stm32f1xx_hal_uart.c.obj
                0x08009e5a                HAL_UART_Init
                0x08009eb8                HAL_HalfDuplex_Init
                0x08009f1e                HAL_LIN_Init
                0x08009f96                HAL_MultiProcessor_Init
                0x0800a018                HAL_UART_DeInit
                0x0800a04c                HAL_UART_Transmit
                0x0800a0e8                HAL_UART_Receive
                0x0800a196                HAL_UART_Transmit_IT
                0x0800a1c8                HAL_UART_Transmit_DMA
                0x0800a23c                HAL_UART_DMAPause
                0x0800a2be                HAL_UART_DMAResume
                0x0800a34a                HAL_UART_DMAStop
                0x0800a3d6                HAL_UARTEx_ReceiveToIdle
                0x0800a4d2                HAL_UARTEx_GetRxEventType
                0x0800a4d6                HAL_UART_Abort
                0x0800a5b2                HAL_UART_AbortTransmit
                0x0800a618                HAL_UART_AbortReceive
                0x0800a6b6                HAL_UART_TxCpltCallback
                0x0800a704                HAL_UART_TxHalfCpltCallback
                0x0800a710                HAL_UART_RxCpltCallback
                0x0800a712                HAL_UART_RxHalfCpltCallback
                0x0800a714                HAL_UART_ErrorCallback
                0x0800a780                HAL_UART_AbortCpltCallback
                0x0800a782                HAL_UART_Abort_IT
                0x0800a8d8                HAL_UART_AbortTransmitCpltCallback
                0x0800a8da                HAL_UART_AbortTransmit_IT
                0x0800a95c                HAL_UART_AbortReceiveCpltCallback
                0x0800a95e                HAL_UART_AbortReceive_IT
                0x0800aa22                HAL_UARTEx_RxEventCallback
                0x0800ab90                HAL_UART_IRQHandler
                0x0800ae20                HAL_LIN_SendBreak
                0x0800ae5e                HAL_MultiProcessor_EnterMuteMode
                0x0800ae9e                HAL_MultiProcessor_ExitMuteMode
                0x0800aede                HAL_HalfDuplex_EnableTransmitter
                0x0800af0e                HAL_HalfDuplex_EnableReceiver
                0x0800af3e                HAL_UART_GetState
                0x0800af4a                HAL_UART_GetError
                0x0800af4e                UART_Start_Receive_IT
                0x0800af80                HAL_UART_Receive_IT
                0x0800afa2                HAL_UARTEx_ReceiveToIdle_IT
                0x0800affc                UART_Start_Receive_DMA
                0x0800b094                HAL_UART_Receive_DMA
                0x0800b0b6                HAL_UARTEx_ReceiveToIdle_DMA
 .text          0x0800b10c       0x14 C:/ST/STM32CubeIDE_1.8.0/STM32CubeIDE/plugins/com.st.stm32cube.ide.mcu.externaltools.gnu-tools-for-stm32.13.3.rel1.win32_1.0.0.202411081344/tools/bin/../lib/gcc/arm-none-eabi/13.3.1/../../../../arm-none-eabi/lib/thumb/v7-m/nofp\libc_nano.a(libc_a-strcmp.o)
                0x0800b10c                strcmp
 .text          0x0800b120       0x10 C:/ST/STM32CubeIDE_1.8.0/STM32CubeIDE/plugins/com.st.stm32cube.ide.mcu.externaltools.gnu-tools-for-stm32.13.3.rel1.win32_1.0.0.202411081344/tools/bin/../lib/gcc/arm-none-eabi/13.3.1/../../../../arm-none-eabi/lib/thumb/v7-m/nofp\libc_nano.a(libc_a-strlen.o)
                0x0800b120                strlen
 .text          0x0800b130      0x378 C:/ST/STM32CubeIDE_1.8.0/STM32CubeIDE/plugins/com.st.stm32cube.ide.mcu.externaltools.gnu-tools-for-stm32.13.3.rel1.win32_1.0.0.202411081344/tools/bin/../lib/gcc/arm-none-eabi/13.3.1/thumb/v7-m/nofp\libgcc.a(_arm_addsubdf3.o)
                0x0800b130                __aeabi_drsub
                0x0800b138                __aeabi_dsub
                0x0800b138                __subdf3
                0x0800b13c                __aeabi_dadd
                0x0800b13c                __adddf3
                0x0800b3b4                __floatunsidf
                0x0800b3b4                __aeabi_ui2d
                0x0800b3d4                __floatsidf
                0x0800b3d4                __aeabi_i2d
                0x0800b3f8                __aeabi_f2d
                0x0800b3f8                __extendsfdf2
                0x0800b43c                __floatundidf
                0x0800b43c                __aeabi_ul2d
                0x0800b44c                __floatdidf
                0x0800b44c                __aeabi_l2d
 .text          0x0800b4a8      0x424 C:/ST/STM32CubeIDE_1.8.0/STM32CubeIDE/plugins/com.st.stm32cube.ide.mcu.externaltools.gnu-tools-for-stm32.13.3.rel1.win32_1.0.0.202411081344/tools/bin/../lib/gcc/arm-none-eabi/13.3.1/thumb/v7-m/nofp\libgcc.a(_arm_muldivdf3.o)
                0x0800b4a8                __aeabi_dmul
                0x0800b4a8                __muldf3
                0x0800b6fc                __divdf3
                0x0800b6fc                __aeabi_ddiv
 .text          0x0800b8cc      0x110 C:/ST/STM32CubeIDE_1.8.0/STM32CubeIDE/plugins/com.st.stm32cube.ide.mcu.externaltools.gnu-tools-for-stm32.13.3.rel1.win32_1.0.0.202411081344/tools/bin/../lib/gcc/arm-none-eabi/13.3.1/thumb/v7-m/nofp\libgcc.a(_arm_cmpdf2.o)
                0x0800b8cc                __gtdf2
                0x0800b8cc                __gedf2
                0x0800b8d4                __ltdf2
                0x0800b8d4                __ledf2
                0x0800b8dc                __nedf2
                0x0800b8dc                __eqdf2
                0x0800b8dc                __cmpdf2
                0x0800b958                __aeabi_cdrcmple
                0x0800b968                __aeabi_cdcmpeq
                0x0800b968                __aeabi_cdcmple
                0x0800b978                __aeabi_dcmpeq
                0x0800b98c                __aeabi_dcmplt
                0x0800b9a0                __aeabi_dcmple
                0x0800b9b4                __aeabi_dcmpge
                0x0800b9c8                __aeabi_dcmpgt
 .text          0x0800b9dc       0x50 C:/ST/STM32CubeIDE_1.8.0/STM32CubeIDE/plugins/com.st.stm32cube.ide.mcu.externaltools.gnu-tools-for-stm32.13.3.rel1.win32_1.0.0.202411081344/tools/bin/../lib/gcc/arm-none-eabi/13.3.1/thumb/v7-m/nofp\libgcc.a(_arm_fixdfsi.o)
                0x0800b9dc                __aeabi_d2iz
                0x0800b9dc                __fixdfsi
 .text          0x0800ba2c       0x40 C:/ST/STM32CubeIDE_1.8.0/STM32CubeIDE/plugins/com.st.stm32cube.ide.mcu.externaltools.gnu-tools-for-stm32.13.3.rel1.win32_1.0.0.202411081344/tools/bin/../lib/gcc/arm-none-eabi/13.3.1/thumb/v7-m/nofp\libgcc.a(_arm_fixunsdfsi.o)
                0x0800ba2c                __aeabi_d2uiz
                0x0800ba2c                __fixunsdfsi
 .text          0x0800ba6c      0x21c C:/ST/STM32CubeIDE_1.8.0/STM32CubeIDE/plugins/com.st.stm32cube.ide.mcu.externaltools.gnu-tools-for-stm32.13.3.rel1.win32_1.0.0.202411081344/tools/bin/../lib/gcc/arm-none-eabi/13.3.1/thumb/v7-m/nofp\libgcc.a(_arm_addsubsf3.o)
                0x0800ba6c                __aeabi_frsub
                0x0800ba74                __subsf3
                0x0800ba74                __aeabi_fsub
                0x0800ba78                __aeabi_fadd
                0x0800ba78                __addsf3
                0x0800bbd8                __aeabi_ui2f
                0x0800bbd8                __floatunsisf
                0x0800bbe0                __aeabi_i2f
                0x0800bbe0                __floatsisf
                0x0800bbfc                __aeabi_ul2f
                0x0800bbfc                __floatundisf
                0x0800bc0c                __aeabi_l2f
                0x0800bc0c                __floatdisf
 .text          0x0800bc88      0x2a0 C:/ST/STM32CubeIDE_1.8.0/STM32CubeIDE/plugins/com.st.stm32cube.ide.mcu.externaltools.gnu-tools-for-stm32.13.3.rel1.win32_1.0.0.202411081344/tools/bin/../lib/gcc/arm-none-eabi/13.3.1/thumb/v7-m/nofp\libgcc.a(_arm_muldivsf3.o)
                0x0800bc88                __mulsf3
                0x0800bc88                __aeabi_fmul
                0x0800bdf0                __aeabi_fdiv
                0x0800bdf0                __divsf3
 .text          0x0800bf28       0x40 C:/ST/STM32CubeIDE_1.8.0/STM32CubeIDE/plugins/com.st.stm32cube.ide.mcu.externaltools.gnu-tools-for-stm32.13.3.rel1.win32_1.0.0.202411081344/tools/bin/../lib/gcc/arm-none-eabi/13.3.1/thumb/v7-m/nofp\libgcc.a(_arm_fixunssfsi.o)
                0x0800bf28                __fixunssfsi
                0x0800bf28                __aeabi_f2uiz
 .text          0x0800bf68      0xa54 C:/ST/STM32CubeIDE_1.8.0/STM32CubeIDE/plugins/com.st.stm32cube.ide.mcu.externaltools.gnu-tools-for-stm32.13.3.rel1.win32_1.0.0.202411081344/tools/bin/../lib/gcc/arm-none-eabi/13.3.1/thumb/v7-m/nofp\libgcc.a(unwind-arm.o)
                0x0800c22c                _Unwind_GetCFA
                0x0800c230                __gnu_Unwind_RaiseException
                0x0800c298                __gnu_Unwind_ForcedUnwind
                0x0800c2ac                __gnu_Unwind_Resume
                0x0800c2f0                __gnu_Unwind_Resume_or_Rethrow
                0x0800c304                _Unwind_Complete
                0x0800c308                _Unwind_DeleteException
                0x0800c314                _Unwind_VRS_Get
                0x0800c364                _Unwind_VRS_Set
                0x0800c3b0                __gnu_Unwind_Backtrace
                0x0800c6d8                __aeabi_unwind_cpp_pr0
                0x0800c6dc                __aeabi_unwind_cpp_pr1
                0x0800c6e0                __aeabi_unwind_cpp_pr2
                0x0800c6e4                _Unwind_VRS_Pop
 .text          0x0800c9bc      0x1ac C:/ST/STM32CubeIDE_1.8.0/STM32CubeIDE/plugins/com.st.stm32cube.ide.mcu.externaltools.gnu-tools-for-stm32.13.3.rel1.win32_1.0.0.202411081344/tools/bin/../lib/gcc/arm-none-eabi/13.3.1/thumb/v7-m/nofp\libgcc.a(libunwind.o)
                0x0800c9bc                __restore_core_regs
                0x0800c9bc                restore_core_regs
                0x0800c9d4                __gnu_Unwind_Restore_VFP
                0x0800c9dc                __gnu_Unwind_Save_VFP
                0x0800c9e4                __gnu_Unwind_Restore_VFP_D
                0x0800c9ec                __gnu_Unwind_Save_VFP_D
                0x0800c9f4                __gnu_Unwind_Restore_VFP_D_16_to_31
                0x0800c9fc                __gnu_Unwind_Save_VFP_D_16_to_31
                0x0800ca04                __gnu_Unwind_Restore_WMMXD
                0x0800ca48                __gnu_Unwind_Save_WMMXD
                0x0800ca8c                __gnu_Unwind_Restore_WMMXC
                0x0800caa0                __gnu_Unwind_Save_WMMXC
                0x0800cab4                ___Unwind_RaiseException
                0x0800cab4                _Unwind_RaiseException
                0x0800cad8                _Unwind_Resume
                0x0800cad8                ___Unwind_Resume
                0x0800cafc                _Unwind_Resume_or_Rethrow
                0x0800cafc                ___Unwind_Resume_or_Rethrow
                0x0800cb20                _Unwind_ForcedUnwind
                0x0800cb20                ___Unwind_ForcedUnwind
                0x0800cb44                ___Unwind_Backtrace
                0x0800cb44                _Unwind_Backtrace
 .text          0x0800cb68      0x3a4 C:/ST/STM32CubeIDE_1.8.0/STM32CubeIDE/plugins/com.st.stm32cube.ide.mcu.externaltools.gnu-tools-for-stm32.13.3.rel1.win32_1.0.0.202411081344/tools/bin/../lib/gcc/arm-none-eabi/13.3.1/thumb/v7-m/nofp\libgcc.a(pr-support.o)
                0x0800cbc0                __gnu_unwind_execute
                0x0800cebc                __gnu_unwind_frame
                0x0800ceec                _Unwind_GetRegionStart
                0x0800cef8                _Unwind_GetLanguageSpecificData
 *(.text*)
 .text.unlikely
                0x0800cf0c        0x0 CMakeFiles/GameConsole-NewEdition-Champ.dir/App/Modules/Adafruit_GFX/Draw_Write.cpp.obj
                0x0800cf0c                Draw_Symbol(unsigned long, unsigned long, unsigned short, unsigned short, unsigned char, unsigned char)
 .text._ZNSt23_Sp_counted_ptr_inplaceIN4Core5Sound12SoundManagerESaIvELN9__gnu_cxx12_Lock_policyE0EED2Ev
                0x0800cf0c        0x2 CMakeFiles/GameConsole-NewEdition-Champ.dir/App/Modules/Process/MainThread.cpp.obj
                0x0800cf0c                std::_Sp_counted_ptr_inplace<Core::Sound::SoundManager, std::allocator<void>, (__gnu_cxx::_Lock_policy)0>::~_Sp_counted_ptr_inplace()
                0x0800cf0c                std::_Sp_counted_ptr_inplace<Core::Sound::SoundManager, std::allocator<void>, (__gnu_cxx::_Lock_policy)0>::~_Sp_counted_ptr_inplace()
 .text._ZNSt23_Sp_counted_ptr_inplaceISt5stackIN4Core2FA10InputStateESt5dequeIS3_SaIS3_EEESaIvELN9__gnu_cxx12_Lock_policyE0EED2Ev
                0x0800cf0e        0x2 CMakeFiles/GameConsole-NewEdition-Champ.dir/App/Modules/Process/MainThread.cpp.obj
                0x0800cf0e                std::_Sp_counted_ptr_inplace<std::stack<Core::FA::InputState, std::deque<Core::FA::InputState, std::allocator<Core::FA::InputState> > >, std::allocator<void>, (__gnu_cxx::_Lock_policy)0>::~_Sp_counted_ptr_inplace()
                0x0800cf0e                std::_Sp_counted_ptr_inplace<std::stack<Core::FA::InputState, std::deque<Core::FA::InputState, std::allocator<Core::FA::InputState> > >, std::allocator<void>, (__gnu_cxx::_Lock_policy)0>::~_Sp_counted_ptr_inplace()
 .text._ZNSt23_Sp_counted_ptr_inplaceISt5stackIN4Core2FA10InputStateESt5dequeIS3_SaIS3_EEESaIvELN9__gnu_cxx12_Lock_policyE0EE14_M_get_deleterERKSt9type_info
                0x0800cf10       0x28 CMakeFiles/GameConsole-NewEdition-Champ.dir/App/Modules/Process/MainThread.cpp.obj
                0x0800cf10                std::_Sp_counted_ptr_inplace<std::stack<Core::FA::InputState, std::deque<Core::FA::InputState, std::allocator<Core::FA::InputState> > >, std::allocator<void>, (__gnu_cxx::_Lock_policy)0>::_M_get_deleter(std::type_info const&)
 .text._ZNSt23_Sp_counted_ptr_inplaceIN4Core5Sound12SoundManagerESaIvELN9__gnu_cxx12_Lock_policyE0EE14_M_get_deleterERKSt9type_info
                0x0800cf38       0x28 CMakeFiles/GameConsole-NewEdition-Champ.dir/App/Modules/Process/MainThread.cpp.obj
                0x0800cf38                std::_Sp_counted_ptr_inplace<Core::Sound::SoundManager, std::allocator<void>, (__gnu_cxx::_Lock_policy)0>::_M_get_deleter(std::type_info const&)
 .text._ZNSt23_Sp_counted_ptr_inplaceISt5stackIN4Core2FA10InputStateESt5dequeIS3_SaIS3_EEESaIvELN9__gnu_cxx12_Lock_policyE0EED0Ev
                0x0800cf60        0xe CMakeFiles/GameConsole-NewEdition-Champ.dir/App/Modules/Process/MainThread.cpp.obj
                0x0800cf60                std::_Sp_counted_ptr_inplace<std::stack<Core::FA::InputState, std::deque<Core::FA::InputState, std::allocator<Core::FA::InputState> > >, std::allocator<void>, (__gnu_cxx::_Lock_policy)0>::~_Sp_counted_ptr_inplace()
 .text._ZNSt23_Sp_counted_ptr_inplaceIN4Core5Sound12SoundManagerESaIvELN9__gnu_cxx12_Lock_policyE0EED0Ev
                0x0800cf6e        0xe CMakeFiles/GameConsole-NewEdition-Champ.dir/App/Modules/Process/MainThread.cpp.obj
                0x0800cf6e                std::_Sp_counted_ptr_inplace<Core::Sound::SoundManager, std::allocator<void>, (__gnu_cxx::_Lock_policy)0>::~_Sp_counted_ptr_inplace()
 .text._ZNSt23_Sp_counted_ptr_inplaceIN4Core5Sound12SoundManagerESaIvELN9__gnu_cxx12_Lock_policyE0EE10_M_destroyEv
                0x0800cf7c        0x6 CMakeFiles/GameConsole-NewEdition-Champ.dir/App/Modules/Process/MainThread.cpp.obj
                0x0800cf7c                std::_Sp_counted_ptr_inplace<Core::Sound::SoundManager, std::allocator<void>, (__gnu_cxx::_Lock_policy)0>::_M_destroy()
 .text._ZNSt23_Sp_counted_ptr_inplaceISt5stackIN4Core2FA10InputStateESt5dequeIS3_SaIS3_EEESaIvELN9__gnu_cxx12_Lock_policyE0EE10_M_destroyEv
                0x0800cf82        0x6 CMakeFiles/GameConsole-NewEdition-Champ.dir/App/Modules/Process/MainThread.cpp.obj
                0x0800cf82                std::_Sp_counted_ptr_inplace<std::stack<Core::FA::InputState, std::deque<Core::FA::InputState, std::allocator<Core::FA::InputState> > >, std::allocator<void>, (__gnu_cxx::_Lock_policy)0>::_M_destroy()
 .text._ZNSt14_Function_baseD2Ev
                0x0800cf88       0x12 CMakeFiles/GameConsole-NewEdition-Champ.dir/App/Modules/Process/MainThread.cpp.obj
                0x0800cf88                std::_Function_base::~_Function_base()
                0x0800cf88                std::_Function_base::~_Function_base()
 .text._ZNSt16_Sp_counted_baseILN9__gnu_cxx12_Lock_policyE0EE15_M_weak_releaseEv
                0x0800cf9a       0x10 CMakeFiles/GameConsole-NewEdition-Champ.dir/App/Modules/Process/MainThread.cpp.obj
                0x0800cf9a                std::_Sp_counted_base<(__gnu_cxx::_Lock_policy)0>::_M_weak_release()
 .text._ZNSt12__weak_countILN9__gnu_cxx12_Lock_policyE0EED2Ev
                0x0800cfaa       0x10 CMakeFiles/GameConsole-NewEdition-Champ.dir/App/Modules/Process/MainThread.cpp.obj
                0x0800cfaa                std::__weak_count<(__gnu_cxx::_Lock_policy)0>::~__weak_count()
                0x0800cfaa                std::__weak_count<(__gnu_cxx::_Lock_policy)0>::~__weak_count()
 .text._ZN4Core5Sound12SoundManager12createMelodyEPKci
                0x0800cfba       0x3a CMakeFiles/GameConsole-NewEdition-Champ.dir/App/Modules/Process/MainThread.cpp.obj
                0x0800cfba                Core::Sound::SoundManager::createMelody(char const*, int)
 .text._ZNSt23_Sp_counted_ptr_inplaceIN4Core5Sound12SoundManagerESaIvELN9__gnu_cxx12_Lock_policyE0EE10_M_disposeEv
                0x0800cff4        0xa CMakeFiles/GameConsole-NewEdition-Champ.dir/App/Modules/Process/MainThread.cpp.obj
                0x0800cff4                std::_Sp_counted_ptr_inplace<Core::Sound::SoundManager, std::allocator<void>, (__gnu_cxx::_Lock_policy)0>::_M_dispose()
 .text._ZNSt14__shared_countILN9__gnu_cxx12_Lock_policyE0EED2Ev
                0x0800cffe       0x2c CMakeFiles/GameConsole-NewEdition-Champ.dir/App/Modules/Process/MainThread.cpp.obj
                0x0800cffe                std::__shared_count<(__gnu_cxx::_Lock_policy)0>::~__shared_count()
                0x0800cffe                std::__shared_count<(__gnu_cxx::_Lock_policy)0>::~__shared_count()
 .text._ZNSt10shared_ptrIN4Core5Sound12SoundManagerEED2Ev
                0x0800d02a        0xe CMakeFiles/GameConsole-NewEdition-Champ.dir/App/Modules/Process/MainThread.cpp.obj
                0x0800d02a                std::shared_ptr<Core::Sound::SoundManager>::~shared_ptr()
                0x0800d02a                std::shared_ptr<Core::Sound::SoundManager>::~shared_ptr()
 .text._ZNSt10shared_ptrIN4Core5Sound6MelodyEED2Ev
                0x0800d038        0xe CMakeFiles/GameConsole-NewEdition-Champ.dir/App/Modules/Process/MainThread.cpp.obj
                0x0800d038                std::shared_ptr<Core::Sound::Melody>::~shared_ptr()
                0x0800d038                std::shared_ptr<Core::Sound::Melody>::~shared_ptr()
 .text._ZN4Core2FA5StackINS0_10InputStateEED2Ev
                0x0800d046        0xe CMakeFiles/GameConsole-NewEdition-Champ.dir/App/Modules/Process/MainThread.cpp.obj
                0x0800d046                Core::FA::Stack<Core::FA::InputState>::~Stack()
                0x0800d046                Core::FA::Stack<Core::FA::InputState>::~Stack()
 .text._ZNSt12_Vector_baseISt8functionIFvvEESaIS2_EED2Ev
                0x0800d054       0x14 CMakeFiles/GameConsole-NewEdition-Champ.dir/App/Modules/Process/MainThread.cpp.obj
                0x0800d054                std::_Vector_base<std::function<void ()>, std::allocator<std::function<void ()> > >::~_Vector_base()
                0x0800d054                std::_Vector_base<std::function<void ()>, std::allocator<std::function<void ()> > >::~_Vector_base()
 .text._ZNSt6vectorISt8functionIFvvEESaIS2_EED2Ev
                0x0800d068       0x20 CMakeFiles/GameConsole-NewEdition-Champ.dir/App/Modules/Process/MainThread.cpp.obj
                0x0800d068                std::vector<std::function<void ()>, std::allocator<std::function<void ()> > >::~vector()
                0x0800d068                std::vector<std::function<void ()>, std::allocator<std::function<void ()> > >::~vector()
 .text._ZNSt5arrayISt6vectorISt8functionIFvvEESaIS3_EELj5EED2Ev
                0x0800d088       0x1a CMakeFiles/GameConsole-NewEdition-Champ.dir/App/Modules/Process/MainThread.cpp.obj
                0x0800d088                std::array<std::vector<std::function<void ()>, std::allocator<std::function<void ()> > >, 5u>::~array()
                0x0800d088                std::array<std::vector<std::function<void ()>, std::allocator<std::function<void ()> > >, 5u>::~array()
 .text._ZN4Core2FA10InputStateD2Ev
                0x0800d0a2       0x14 CMakeFiles/GameConsole-NewEdition-Champ.dir/App/Modules/Process/MainThread.cpp.obj
                0x0800d0a2                Core::FA::InputState::~InputState()
                0x0800d0a2                Core::FA::InputState::~InputState()
 .text._ZNSt14_Function_baseC2Ev
                0x0800d0b6        0xa CMakeFiles/GameConsole-NewEdition-Champ.dir/App/Modules/Process/MainThread.cpp.obj
                0x0800d0b6                std::_Function_base::_Function_base()
                0x0800d0b6                std::_Function_base::_Function_base()
 .text._ZN4Core2FA10InputStateC2Ev
                0x0800d0c0       0x2c CMakeFiles/GameConsole-NewEdition-Champ.dir/App/Modules/Process/MainThread.cpp.obj
                0x0800d0c0                Core::FA::InputState::InputState()
                0x0800d0c0                Core::FA::InputState::InputState()
 .text._ZNSt8functionIFvvEEC2ERKS1_
                0x0800d0ec       0x36 CMakeFiles/GameConsole-NewEdition-Champ.dir/App/Modules/Process/MainThread.cpp.obj
                0x0800d0ec                std::function<void ()>::function(std::function<void ()> const&)
                0x0800d0ec                std::function<void ()>::function(std::function<void ()> const&)
 *fill*         0x0800d122        0x2 
 .text._ZNSt5arrayISt6vectorISt8functionIFvvEESaIS3_EELj5EEC2ERKS6_
                0x0800d124       0xd8 CMakeFiles/GameConsole-NewEdition-Champ.dir/App/Modules/Process/MainThread.cpp.obj
                0x0800d124                std::array<std::vector<std::function<void ()>, std::allocator<std::function<void ()> > >, 5u>::array(std::array<std::vector<std::function<void ()>, std::allocator<std::function<void ()> > >, 5u> const&)
                0x0800d124                std::array<std::vector<std::function<void ()>, std::allocator<std::function<void ()> > >, 5u>::array(std::array<std::vector<std::function<void ()>, std::allocator<std::function<void ()> > >, 5u> const&)
 .text._ZN4Core2FA10InputStateC2ERKS1_
                0x0800d1fc       0x50 CMakeFiles/GameConsole-NewEdition-Champ.dir/App/Modules/Process/MainThread.cpp.obj
                0x0800d1fc                Core::FA::InputState::InputState(Core::FA::InputState const&)
                0x0800d1fc                Core::FA::InputState::InputState(Core::FA::InputState const&)
 .text._ZNSt5dequeIN4Core2FA10InputStateESaIS2_EE4backEv
                0x0800d24c       0x18 CMakeFiles/GameConsole-NewEdition-Champ.dir/App/Modules/Process/MainThread.cpp.obj
                0x0800d24c                std::deque<Core::FA::InputState, std::allocator<Core::FA::InputState> >::back()
 .text._ZNSt5dequeIN4Core2FA10InputStateESaIS2_EE16_M_push_back_auxIJRKS2_EEEvDpOT_
                0x0800d264      0x170 CMakeFiles/GameConsole-NewEdition-Champ.dir/App/Modules/Process/MainThread.cpp.obj
                0x0800d264                void std::deque<Core::FA::InputState, std::allocator<Core::FA::InputState> >::_M_push_back_aux<Core::FA::InputState const&>(Core::FA::InputState const&)
 .text._ZNSt5dequeIN4Core2FA10InputStateESaIS2_EE9push_backERKS2_
                0x0800d3d4       0x22 CMakeFiles/GameConsole-NewEdition-Champ.dir/App/Modules/Process/MainThread.cpp.obj
                0x0800d3d4                std::deque<Core::FA::InputState, std::allocator<Core::FA::InputState> >::push_back(Core::FA::InputState const&)
 .text._ZNSt27__uninitialized_default_n_1ILb0EE18__uninit_default_nIPSt8functionIFvvEEjEET_S6_T0_
                0x0800d3f6       0x32 CMakeFiles/GameConsole-NewEdition-Champ.dir/App/Modules/Process/MainThread.cpp.obj
                0x0800d3f6                std::function<void ()>* std::__uninitialized_default_n_1<false>::__uninit_default_n<std::function<void ()>*, unsigned int>(std::function<void ()>*, unsigned int)
 .text._ZNSt6vectorISt8functionIFvvEESaIS2_EE17_M_default_appendEj
                0x0800d428       0xd0 CMakeFiles/GameConsole-NewEdition-Champ.dir/App/Modules/Process/MainThread.cpp.obj
                0x0800d428                std::vector<std::function<void ()>, std::allocator<std::function<void ()> > >::_M_default_append(unsigned int)
 .text._ZN4Core2FA10InputState16setButtonHandlerENS0_7ButtonsEiRKSt8functionIFvvEE
                0x0800d4f8       0x70 CMakeFiles/GameConsole-NewEdition-Champ.dir/App/Modules/Process/MainThread.cpp.obj
                0x0800d4f8                Core::FA::InputState::setButtonHandler(Core::FA::Buttons, int, std::function<void ()> const&)
 .text._ZNSt12_Destroy_auxILb0EE9__destroyIPN4Core2FA10InputStateEEEvT_S6_
                0x0800d568       0x16 CMakeFiles/GameConsole-NewEdition-Champ.dir/App/Modules/Process/MainThread.cpp.obj
                0x0800d568                void std::_Destroy_aux<false>::__destroy<Core::FA::InputState*>(Core::FA::InputState*, Core::FA::InputState*)
 .text._ZNSt23_Sp_counted_ptr_inplaceISt5stackIN4Core2FA10InputStateESt5dequeIS3_SaIS3_EEESaIvELN9__gnu_cxx12_Lock_policyE0EE10_M_disposeEv
                0x0800d57e       0x72 CMakeFiles/GameConsole-NewEdition-Champ.dir/App/Modules/Process/MainThread.cpp.obj
                0x0800d57e                std::_Sp_counted_ptr_inplace<std::stack<Core::FA::InputState, std::deque<Core::FA::InputState, std::allocator<Core::FA::InputState> > >, std::allocator<void>, (__gnu_cxx::_Lock_policy)0>::_M_dispose()
 .text.startup  0x0800d5f0      0x100 CMakeFiles/GameConsole-NewEdition-Champ.dir/App/Modules/Process/MainThread.cpp.obj
 .text._ZNSt7__cxx114listI9SnakeNodeSaIS1_EE10push_frontEOS1_
                0x0800d6f0       0x2c CMakeFiles/GameConsole-NewEdition-Champ.dir/App/Modules/Snake/SnakeLogic.cpp.obj
                0x0800d6f0                std::__cxx11::list<SnakeNode, std::allocator<SnakeNode> >::push_front(SnakeNode&&)
 .text._ZNSt7__cxx1110_List_baseI9SnakeNodeSaIS1_EE8_M_clearEv
                0x0800d71c       0x18 CMakeFiles/GameConsole-NewEdition-Champ.dir/App/Modules/Snake/SnakeTask.cpp.obj
                0x0800d71c                std::__cxx11::_List_base<SnakeNode, std::allocator<SnakeNode> >::_M_clear()
 .text._ZN4Core2FA5StackINS0_10InputStateEE11popInternalEv
                0x0800d734       0x5e CMakeFiles/GameConsole-NewEdition-Champ.dir/App/Modules/Snake/SnakeTask.cpp.obj
                0x0800d734                Core::FA::Stack<Core::FA::InputState>::popInternal()
 .text._ZN4Core2FA5StackINS0_10InputStateEE3popEv
                0x0800d792       0x12 CMakeFiles/GameConsole-NewEdition-Champ.dir/App/Modules/Snake/SnakeTask.cpp.obj
                0x0800d792                Core::FA::Stack<Core::FA::InputState>::pop()
 .text._ZNSt23_Sp_counted_ptr_inplaceIN4Core5Sound6MelodyESaIvELN9__gnu_cxx12_Lock_policyE0EED2Ev
                0x0800d7a4        0x2 CMakeFiles/GameConsole-NewEdition-Champ.dir/App/Modules/Sound/Melody.cpp.obj
                0x0800d7a4                std::_Sp_counted_ptr_inplace<Core::Sound::Melody, std::allocator<void>, (__gnu_cxx::_Lock_policy)0>::~_Sp_counted_ptr_inplace()
                0x0800d7a4                std::_Sp_counted_ptr_inplace<Core::Sound::Melody, std::allocator<void>, (__gnu_cxx::_Lock_policy)0>::~_Sp_counted_ptr_inplace()
 *fill*         0x0800d7a6        0x2 
 .text._ZNSt23_Sp_counted_ptr_inplaceIN4Core5Sound6MelodyESaIvELN9__gnu_cxx12_Lock_policyE0EE14_M_get_deleterERKSt9type_info
                0x0800d7a8       0x28 CMakeFiles/GameConsole-NewEdition-Champ.dir/App/Modules/Sound/Melody.cpp.obj
                0x0800d7a8                std::_Sp_counted_ptr_inplace<Core::Sound::Melody, std::allocator<void>, (__gnu_cxx::_Lock_policy)0>::_M_get_deleter(std::type_info const&)
 .text._ZNSt23_Sp_counted_ptr_inplaceIN4Core5Sound6MelodyESaIvELN9__gnu_cxx12_Lock_policyE0EED0Ev
                0x0800d7d0        0xe CMakeFiles/GameConsole-NewEdition-Champ.dir/App/Modules/Sound/Melody.cpp.obj
                0x0800d7d0                std::_Sp_counted_ptr_inplace<Core::Sound::Melody, std::allocator<void>, (__gnu_cxx::_Lock_policy)0>::~_Sp_counted_ptr_inplace()
 .text._ZNSt23_Sp_counted_ptr_inplaceIN4Core5Sound6MelodyESaIvELN9__gnu_cxx12_Lock_policyE0EE10_M_destroyEv
                0x0800d7de        0x6 CMakeFiles/GameConsole-NewEdition-Champ.dir/App/Modules/Sound/Melody.cpp.obj
                0x0800d7de                std::_Sp_counted_ptr_inplace<Core::Sound::Melody, std::allocator<void>, (__gnu_cxx::_Lock_policy)0>::_M_destroy()
 .text._ZNSt6vectorIN4Core5Sound6Melody4NoteESaIS3_EED2Ev
                0x0800d7e4       0x14 CMakeFiles/GameConsole-NewEdition-Champ.dir/App/Modules/Sound/Melody.cpp.obj
                0x0800d7e4                std::vector<Core::Sound::Melody::Note, std::allocator<Core::Sound::Melody::Note> >::~vector()
                0x0800d7e4                std::vector<Core::Sound::Melody::Note, std::allocator<Core::Sound::Melody::Note> >::~vector()
 .text._ZNSt23_Sp_counted_ptr_inplaceIN4Core5Sound6MelodyESaIvELN9__gnu_cxx12_Lock_policyE0EE10_M_disposeEv
                0x0800d7f8       0x1c CMakeFiles/GameConsole-NewEdition-Champ.dir/App/Modules/Sound/Melody.cpp.obj
                0x0800d7f8                std::_Sp_counted_ptr_inplace<Core::Sound::Melody, std::allocator<void>, (__gnu_cxx::_Lock_policy)0>::_M_dispose()
 .text._ZNSt6vectorIN4Core5Sound6Melody4NoteESaIS3_EE17_M_realloc_insertIJRKS3_EEEvN9__gnu_cxx17__normal_iteratorIPS3_S5_EEDpOT_
                0x0800d814       0xa4 CMakeFiles/GameConsole-NewEdition-Champ.dir/App/Modules/Sound/Melody.cpp.obj
                0x0800d814                void std::vector<Core::Sound::Melody::Note, std::allocator<Core::Sound::Melody::Note> >::_M_realloc_insert<Core::Sound::Melody::Note const&>(__gnu_cxx::__normal_iterator<Core::Sound::Melody::Note*, std::vector<Core::Sound::Melody::Note, std::allocator<Core::Sound::Melody::Note> > >, Core::Sound::Melody::Note const&)
 .text._ZNSt12__shared_ptrIN4Core5Sound6MelodyELN9__gnu_cxx12_Lock_policyE0EEC2ISaIvEJEEESt20_Sp_alloc_shared_tagIT_EDpOT0_
                0x0800d8b8       0x3c CMakeFiles/GameConsole-NewEdition-Champ.dir/App/Modules/Sound/Melody.cpp.obj
                0x0800d8b8                std::__shared_ptr<Core::Sound::Melody, (__gnu_cxx::_Lock_policy)0>::__shared_ptr<std::allocator<void>>(std::_Sp_alloc_shared_tag<std::allocator<void> >)
                0x0800d8b8                std::__shared_ptr<Core::Sound::Melody, (__gnu_cxx::_Lock_policy)0>::__shared_ptr<std::allocator<void>>(std::_Sp_alloc_shared_tag<std::allocator<void> >)
 .text._ZNSt14__shared_countILN9__gnu_cxx12_Lock_policyE0EEC2ERKSt12__weak_countILS1_0EESt9nothrow_t
                0x0800d8f4       0x14 CMakeFiles/GameConsole-NewEdition-Champ.dir/App/Modules/Sound/Melody.cpp.obj
                0x0800d8f4                std::__shared_count<(__gnu_cxx::_Lock_policy)0>::__shared_count(std::__weak_count<(__gnu_cxx::_Lock_policy)0> const&, std::nothrow_t)
                0x0800d8f4                std::__shared_count<(__gnu_cxx::_Lock_policy)0>::__shared_count(std::__weak_count<(__gnu_cxx::_Lock_policy)0> const&, std::nothrow_t)
 .text._ZNSt12__shared_ptrIN4Core5Sound12SoundManagerELN9__gnu_cxx12_Lock_policyE0EEC2ERKSt10__weak_ptrIS2_LS4_0EESt9nothrow_t
                0x0800d908       0x22 CMakeFiles/GameConsole-NewEdition-Champ.dir/App/Modules/Sound/Melody.cpp.obj
                0x0800d908                std::__shared_ptr<Core::Sound::SoundManager, (__gnu_cxx::_Lock_policy)0>::__shared_ptr(std::__weak_ptr<Core::Sound::SoundManager, (__gnu_cxx::_Lock_policy)0> const&, std::nothrow_t)
                0x0800d908                std::__shared_ptr<Core::Sound::SoundManager, (__gnu_cxx::_Lock_policy)0>::__shared_ptr(std::__weak_ptr<Core::Sound::SoundManager, (__gnu_cxx::_Lock_policy)0> const&, std::nothrow_t)
 .text._ZNSt12__shared_ptrIN4Core5Sound6MelodyELN9__gnu_cxx12_Lock_policyE0EEC2ERKSt10__weak_ptrIS2_LS4_0EESt9nothrow_t
                0x0800d92a       0x22 CMakeFiles/GameConsole-NewEdition-Champ.dir/App/Modules/Sound/Melody.cpp.obj
                0x0800d92a                std::__shared_ptr<Core::Sound::Melody, (__gnu_cxx::_Lock_policy)0>::__shared_ptr(std::__weak_ptr<Core::Sound::Melody, (__gnu_cxx::_Lock_policy)0> const&, std::nothrow_t)
                0x0800d92a                std::__shared_ptr<Core::Sound::Melody, (__gnu_cxx::_Lock_policy)0>::__shared_ptr(std::__weak_ptr<Core::Sound::Melody, (__gnu_cxx::_Lock_policy)0> const&, std::nothrow_t)
 .text._ZNSt8weak_ptrIN4Core5Sound6MelodyEED2Ev
                0x0800d94c       0x10 CMakeFiles/GameConsole-NewEdition-Champ.dir/App/Modules/Sound/SoundManager.cpp.obj
                0x0800d94c                std::weak_ptr<Core::Sound::Melody>::~weak_ptr()
                0x0800d94c                std::weak_ptr<Core::Sound::Melody>::~weak_ptr()
 .text.startup  0x0800d95c       0x18 CMakeFiles/GameConsole-NewEdition-Champ.dir/App/Modules/Sound/SoundManager.cpp.obj
 .text._ZNSt12_Vector_baseI15PartTetrisBlockSaIS0_EED2Ev
                0x0800d974       0x14 CMakeFiles/GameConsole-NewEdition-Champ.dir/App/Modules/Tetris/TetrisLogic.cpp.obj
                0x0800d974                std::_Vector_base<PartTetrisBlock, std::allocator<PartTetrisBlock> >::~_Vector_base()
                0x0800d974                std::_Vector_base<PartTetrisBlock, std::allocator<PartTetrisBlock> >::~_Vector_base()
 .text._ZNSt6vectorI15PartTetrisBlockSaIS0_EED2Ev
                0x0800d988        0xc CMakeFiles/GameConsole-NewEdition-Champ.dir/App/Modules/Tetris/TetrisLogic.cpp.obj
                0x0800d988                std::vector<PartTetrisBlock, std::allocator<PartTetrisBlock> >::~vector()
                0x0800d988                std::vector<PartTetrisBlock, std::allocator<PartTetrisBlock> >::~vector()
 .text._ZNSt6vectorI15PartTetrisBlockSaIS0_EEC2ESt16initializer_listIS0_ERKS1_
                0x0800d994       0x68 CMakeFiles/GameConsole-NewEdition-Champ.dir/App/Modules/Tetris/TetrisLogic.cpp.obj
                0x0800d994                std::vector<PartTetrisBlock, std::allocator<PartTetrisBlock> >::vector(std::initializer_list<PartTetrisBlock>, std::allocator<PartTetrisBlock> const&)
                0x0800d994                std::vector<PartTetrisBlock, std::allocator<PartTetrisBlock> >::vector(std::initializer_list<PartTetrisBlock>, std::allocator<PartTetrisBlock> const&)
 .text._ZSt4swapISt9_Any_dataENSt9enable_ifIXsrSt6__and_IJSt6__not_ISt15__is_tuple_likeIT_EESt21is_move_constructibleIS5_ESt18is_move_assignableIS5_EEE5valueEvE4typeERS5_SF_
                0x0800d9fc       0x22 CMakeFiles/GameConsole-NewEdition-Champ.dir/App/Modules/Tetris/TetrisLogic.cpp.obj
                0x0800d9fc                std::enable_if<std::__and_<std::__not_<std::__is_tuple_like<std::_Any_data> >, std::is_move_constructible<std::_Any_data>, std::is_move_assignable<std::_Any_data> >::value, void>::type std::swap<std::_Any_data>(std::_Any_data&, std::_Any_data&)
 .text._ZNKSt6vectorI15PartTetrisBlockSaIS0_EE12_M_check_lenEjPKc
                0x0800da1e       0x3a CMakeFiles/GameConsole-NewEdition-Champ.dir/App/Modules/Tetris/TetrisLogic.cpp.obj
                0x0800da1e                std::vector<PartTetrisBlock, std::allocator<PartTetrisBlock> >::_M_check_len(unsigned int, char const*) const
 .text._ZNSt6vectorI15PartTetrisBlockSaIS0_EE17_M_default_appendEj
                0x0800da58       0xa0 CMakeFiles/GameConsole-NewEdition-Champ.dir/App/Modules/Tetris/TetrisLogic.cpp.obj
                0x0800da58                std::vector<PartTetrisBlock, std::allocator<PartTetrisBlock> >::_M_default_append(unsigned int)
 .text._ZSt18uninitialized_copyIN9__gnu_cxx17__normal_iteratorIPK15PartTetrisBlockSt6vectorIS2_SaIS2_EEEEPS2_ET0_T_SB_SA_
                0x0800daf8       0x20 CMakeFiles/GameConsole-NewEdition-Champ.dir/App/Modules/Tetris/TetrisLogic.cpp.obj
                0x0800daf8                PartTetrisBlock* std::uninitialized_copy<__gnu_cxx::__normal_iterator<PartTetrisBlock const*, std::vector<PartTetrisBlock, std::allocator<PartTetrisBlock> > >, PartTetrisBlock*>(__gnu_cxx::__normal_iterator<PartTetrisBlock const*, std::vector<PartTetrisBlock, std::allocator<PartTetrisBlock> > >, __gnu_cxx::__normal_iterator<PartTetrisBlock const*, std::vector<PartTetrisBlock, std::allocator<PartTetrisBlock> > >, PartTetrisBlock*)
 .text._ZN12TetrisFigureD2Ev
                0x0800db18       0x1c CMakeFiles/GameConsole-NewEdition-Champ.dir/App/Modules/Tetris/TetrisLogic.cpp.obj
                0x0800db18                TetrisFigure::~TetrisFigure()
                0x0800db18                TetrisFigure::~TetrisFigure()
 .text._ZNSt6vectorI12TetrisFigureSaIS0_EED2Ev
                0x0800db34       0x26 CMakeFiles/GameConsole-NewEdition-Champ.dir/App/Modules/Tetris/TetrisLogic.cpp.obj
                0x0800db34                std::vector<TetrisFigure, std::allocator<TetrisFigure> >::~vector()
                0x0800db34                std::vector<TetrisFigure, std::allocator<TetrisFigure> >::~vector()
 *fill*         0x0800db5a        0x2 
 .text._ZNSt6vectorI12TetrisFigureSaIS0_EE17_M_realloc_insertIJS_I15PartTetrisBlockSaIS4_EE10Coordinatei6ColorsR13TetrisManagerEEEvN9__gnu_cxx17__normal_iteratorIPS0_S2_EEDpOT_
                0x0800db5c       0xd8 CMakeFiles/GameConsole-NewEdition-Champ.dir/App/Modules/Tetris/TetrisLogic.cpp.obj
                0x0800db5c                void std::vector<TetrisFigure, std::allocator<TetrisFigure> >::_M_realloc_insert<std::vector<PartTetrisBlock, std::allocator<PartTetrisBlock> >, Coordinate, int, Colors, TetrisManager&>(__gnu_cxx::__normal_iterator<TetrisFigure*, std::vector<TetrisFigure, std::allocator<TetrisFigure> > >, std::vector<PartTetrisBlock, std::allocator<PartTetrisBlock> >&&, Coordinate&&, int&&, Colors&&, TetrisManager&)
 .text._ZSt18uninitialized_copyISt13move_iteratorIP15PartTetrisBlockES2_ET0_T_S5_S4_
                0x0800dc34       0x20 CMakeFiles/GameConsole-NewEdition-Champ.dir/App/Modules/Tetris/TetrisLogic.cpp.obj
                0x0800dc34                PartTetrisBlock* std::uninitialized_copy<std::move_iterator<PartTetrisBlock*>, PartTetrisBlock*>(std::move_iterator<PartTetrisBlock*>, std::move_iterator<PartTetrisBlock*>, PartTetrisBlock*)
 .text._ZNSt6vectorI15PartTetrisBlockSaIS0_EE14_M_fill_insertEN9__gnu_cxx17__normal_iteratorIPS0_S2_EEjRKS0_
                0x0800dc54      0x130 CMakeFiles/GameConsole-NewEdition-Champ.dir/App/Modules/Tetris/TetrisLogic.cpp.obj
                0x0800dc54                std::vector<PartTetrisBlock, std::allocator<PartTetrisBlock> >::_M_fill_insert(__gnu_cxx::__normal_iterator<PartTetrisBlock*, std::vector<PartTetrisBlock, std::allocator<PartTetrisBlock> > >, unsigned int, PartTetrisBlock const&)
 .text._ZN13TetrisManagerD2Ev
                0x0800dd84       0x3e CMakeFiles/GameConsole-NewEdition-Champ.dir/App/Modules/Tetris/TetrisTask.cpp.obj
                0x0800dd84                TetrisManager::~TetrisManager()
                0x0800dd84                TetrisManager::~TetrisManager()
 .text._ZN4Core2FA5StackINS0_10InputStateEE4pushERKS2_
                0x0800ddc2       0x22 CMakeFiles/GameConsole-NewEdition-Champ.dir/App/Modules/Tetris/TetrisTask.cpp.obj
                0x0800ddc2                Core::FA::Stack<Core::FA::InputState>::push(Core::FA::InputState const&)
 .text.startup  0x0800dde4      0x270 CMakeFiles/GameConsole-NewEdition-Champ.dir/Core/Src/main.c.obj
                0x0800dde4                main
 .text.Reset_Handler
                0x0800e054       0x50 CMakeFiles/GameConsole-NewEdition-Champ.dir/Startup/startup_stm32f103c8tx.s.obj
                0x0800e054                Reset_Handler
 .text.Default_Handler
                0x0800e0a4        0x2 CMakeFiles/GameConsole-NewEdition-Champ.dir/Startup/startup_stm32f103c8tx.s.obj
                0x0800e0a4                EXTI2_IRQHandler
                0x0800e0a4                TIM8_TRG_COM_IRQHandler
                0x0800e0a4                TIM8_CC_IRQHandler
                0x0800e0a4                TIM1_CC_IRQHandler
                0x0800e0a4                TIM6_IRQHandler
                0x0800e0a4                PVD_IRQHandler
                0x0800e0a4                SDIO_IRQHandler
                0x0800e0a4                USB_HP_CAN_TX_IRQHandler
                0x0800e0a4                I2C2_EV_IRQHandler
                0x0800e0a4                ADC1_2_IRQHandler
                0x0800e0a4                SPI1_IRQHandler
                0x0800e0a4                CAN_SCE_IRQHandler
                0x0800e0a4                TAMPER_IRQHandler
                0x0800e0a4                TIM8_UP_IRQHandler
                0x0800e0a4                DMA2_Channel2_IRQHandler
                0x0800e0a4                DMA1_Channel4_IRQHandler
                0x0800e0a4                USART3_IRQHandler
                0x0800e0a4                RTC_IRQHandler
                0x0800e0a4                DMA1_Channel7_IRQHandler
                0x0800e0a4                UART5_IRQHandler
                0x0800e0a4                ADC3_IRQHandler
                0x0800e0a4                TIM4_IRQHandler
                0x0800e0a4                CAN_RX1_IRQHandler
                0x0800e0a4                DMA2_Channel1_IRQHandler
                0x0800e0a4                I2C1_EV_IRQHandler
                0x0800e0a4                DMA1_Channel6_IRQHandler
                0x0800e0a4                UART4_IRQHandler
                0x0800e0a4                TIM3_IRQHandler
                0x0800e0a4                RCC_IRQHandler
                0x0800e0a4                TIM1_TRG_COM_IRQHandler
                0x0800e0a4                DMA1_Channel1_IRQHandler
                0x0800e0a4                Default_Handler
                0x0800e0a4                TIM7_IRQHandler
                0x0800e0a4                TIM5_IRQHandler
                0x0800e0a4                SPI2_IRQHandler
                0x0800e0a4                USB_LP_CAN_RX0_IRQHandler
                0x0800e0a4                DMA1_Channel5_IRQHandler
                0x0800e0a4                DMA1_Channel3_IRQHandler
                0x0800e0a4                FSMC_IRQHandler
                0x0800e0a4                WWDG_IRQHandler
                0x0800e0a4                TIM1_BRK_IRQHandler
                0x0800e0a4                RTCAlarm_IRQHandler
                0x0800e0a4                DMA2_Channel4_5_IRQHandler
                0x0800e0a4                USART2_IRQHandler
                0x0800e0a4                I2C2_ER_IRQHandler
                0x0800e0a4                DMA1_Channel2_IRQHandler
                0x0800e0a4                TIM8_BRK_IRQHandler
                0x0800e0a4                FLASH_IRQHandler
                0x0800e0a4                USART1_IRQHandler
                0x0800e0a4                SPI3_IRQHandler
                0x0800e0a4                I2C1_ER_IRQHandler
                0x0800e0a4                DMA2_Channel3_IRQHandler
 .text.__aeabi_atexit
                0x0800e0a6        0xa C:/ST/STM32CubeIDE_1.8.0/STM32CubeIDE/plugins/com.st.stm32cube.ide.mcu.externaltools.gnu-tools-for-stm32.13.3.rel1.win32_1.0.0.202411081344/tools/bin/../lib/gcc/arm-none-eabi/13.3.1/../../../../arm-none-eabi/lib/thumb/v7-m/nofp\libstdc++_nano.a(atexit_arm.o)
                0x0800e0a6                __aeabi_atexit
 .text._ZNK10__cxxabiv117__class_type_info11__do_upcastEPKS0_PPv
                0x0800e0b0       0x32 C:/ST/STM32CubeIDE_1.8.0/STM32CubeIDE/plugins/com.st.stm32cube.ide.mcu.externaltools.gnu-tools-for-stm32.13.3.rel1.win32_1.0.0.202411081344/tools/bin/../lib/gcc/arm-none-eabi/13.3.1/../../../../arm-none-eabi/lib/thumb/v7-m/nofp\libstdc++_nano.a(class_type_info.o)
                0x0800e0b0                __cxxabiv1::__class_type_info::__do_upcast(__cxxabiv1::__class_type_info const*, void**) const
 .text._ZNK10__cxxabiv117__class_type_info20__do_find_public_srcEiPKvPKS0_S2_
                0x0800e0e2        0xc C:/ST/STM32CubeIDE_1.8.0/STM32CubeIDE/plugins/com.st.stm32cube.ide.mcu.externaltools.gnu-tools-for-stm32.13.3.rel1.win32_1.0.0.202411081344/tools/bin/../lib/gcc/arm-none-eabi/13.3.1/../../../../arm-none-eabi/lib/thumb/v7-m/nofp\libstdc++_nano.a(class_type_info.o)
                0x0800e0e2                __cxxabiv1::__class_type_info::__do_find_public_src(int, void const*, __cxxabiv1::__class_type_info const*, void const*) const
 *fill*         0x0800e0ee        0x2 
 .text._ZN10__cxxabiv117__class_type_infoD2Ev
                0x0800e0f0       0x14 C:/ST/STM32CubeIDE_1.8.0/STM32CubeIDE/plugins/com.st.stm32cube.ide.mcu.externaltools.gnu-tools-for-stm32.13.3.rel1.win32_1.0.0.202411081344/tools/bin/../lib/gcc/arm-none-eabi/13.3.1/../../../../arm-none-eabi/lib/thumb/v7-m/nofp\libstdc++_nano.a(class_type_info.o)
                0x0800e0f0                __cxxabiv1::__class_type_info::~__class_type_info()
                0x0800e0f0                __cxxabiv1::__class_type_info::~__class_type_info()
 .text._ZN10__cxxabiv117__class_type_infoD0Ev
                0x0800e104       0x14 C:/ST/STM32CubeIDE_1.8.0/STM32CubeIDE/plugins/com.st.stm32cube.ide.mcu.externaltools.gnu-tools-for-stm32.13.3.rel1.win32_1.0.0.202411081344/tools/bin/../lib/gcc/arm-none-eabi/13.3.1/../../../../arm-none-eabi/lib/thumb/v7-m/nofp\libstdc++_nano.a(class_type_info.o)
                0x0800e104                __cxxabiv1::__class_type_info::~__class_type_info()
 .text._ZNK10__cxxabiv117__class_type_info12__do_dyncastEiNS0_10__sub_kindEPKS0_PKvS3_S5_RNS0_16__dyncast_resultE
                0x0800e118       0x3e C:/ST/STM32CubeIDE_1.8.0/STM32CubeIDE/plugins/com.st.stm32cube.ide.mcu.externaltools.gnu-tools-for-stm32.13.3.rel1.win32_1.0.0.202411081344/tools/bin/../lib/gcc/arm-none-eabi/13.3.1/../../../../arm-none-eabi/lib/thumb/v7-m/nofp\libstdc++_nano.a(class_type_info.o)
                0x0800e118                __cxxabiv1::__class_type_info::__do_dyncast(int, __cxxabiv1::__class_type_info::__sub_kind, __cxxabiv1::__class_type_info const*, void const*, __cxxabiv1::__class_type_info const*, void const*, __cxxabiv1::__class_type_info::__dyncast_result&) const
 .text._ZNK10__cxxabiv117__class_type_info11__do_upcastEPKS0_PKvRNS0_15__upcast_resultE
                0x0800e156       0x18 C:/ST/STM32CubeIDE_1.8.0/STM32CubeIDE/plugins/com.st.stm32cube.ide.mcu.externaltools.gnu-tools-for-stm32.13.3.rel1.win32_1.0.0.202411081344/tools/bin/../lib/gcc/arm-none-eabi/13.3.1/../../../../arm-none-eabi/lib/thumb/v7-m/nofp\libstdc++_nano.a(class_type_info.o)
                0x0800e156                __cxxabiv1::__class_type_info::__do_upcast(__cxxabiv1::__class_type_info const*, void const*, __cxxabiv1::__class_type_info::__upcast_result&) const
 .text._ZNK10__cxxabiv117__class_type_info10__do_catchEPKSt9type_infoPPvj
                0x0800e16e       0x2a C:/ST/STM32CubeIDE_1.8.0/STM32CubeIDE/plugins/com.st.stm32cube.ide.mcu.externaltools.gnu-tools-for-stm32.13.3.rel1.win32_1.0.0.202411081344/tools/bin/../lib/gcc/arm-none-eabi/13.3.1/../../../../arm-none-eabi/lib/thumb/v7-m/nofp\libstdc++_nano.a(class_type_info.o)
                0x0800e16e                __cxxabiv1::__class_type_info::__do_catch(std::type_info const*, void**, unsigned int) const
 .text._ZdlPvj  0x0800e198        0x4 C:/ST/STM32CubeIDE_1.8.0/STM32CubeIDE/plugins/com.st.stm32cube.ide.mcu.externaltools.gnu-tools-for-stm32.13.3.rel1.win32_1.0.0.202411081344/tools/bin/../lib/gcc/arm-none-eabi/13.3.1/../../../../arm-none-eabi/lib/thumb/v7-m/nofp\libstdc++_nano.a(del_ops.o)
                0x0800e198                operator delete(void*, unsigned int)
 .text.__cxa_end_cleanup
                0x0800e19c        0xc C:/ST/STM32CubeIDE_1.8.0/STM32CubeIDE/plugins/com.st.stm32cube.ide.mcu.externaltools.gnu-tools-for-stm32.13.3.rel1.win32_1.0.0.202411081344/tools/bin/../lib/gcc/arm-none-eabi/13.3.1/../../../../arm-none-eabi/lib/thumb/v7-m/nofp\libstdc++_nano.a(eh_arm.o)
                0x0800e19c                __cxa_end_cleanup
 .text._ZN10__cxxabiv1L24__is_gxx_exception_classEPc
                0x0800e1a8       0x3a C:/ST/STM32CubeIDE_1.8.0/STM32CubeIDE/plugins/com.st.stm32cube.ide.mcu.externaltools.gnu-tools-for-stm32.13.3.rel1.win32_1.0.0.202411081344/tools/bin/../lib/gcc/arm-none-eabi/13.3.1/../../../../arm-none-eabi/lib/thumb/v7-m/nofp\libstdc++_nano.a(eh_arm.o)
 *fill*         0x0800e1e2        0x2 
 .text.__cxa_type_match
                0x0800e1e4       0xa4 C:/ST/STM32CubeIDE_1.8.0/STM32CubeIDE/plugins/com.st.stm32cube.ide.mcu.externaltools.gnu-tools-for-stm32.13.3.rel1.win32_1.0.0.202411081344/tools/bin/../lib/gcc/arm-none-eabi/13.3.1/../../../../arm-none-eabi/lib/thumb/v7-m/nofp\libstdc++_nano.a(eh_arm.o)
                0x0800e1e4                __cxa_type_match
 .text.__cxa_begin_cleanup
                0x0800e288       0x3a C:/ST/STM32CubeIDE_1.8.0/STM32CubeIDE/plugins/com.st.stm32cube.ide.mcu.externaltools.gnu-tools-for-stm32.13.3.rel1.win32_1.0.0.202411081344/tools/bin/../lib/gcc/arm-none-eabi/13.3.1/../../../../arm-none-eabi/lib/thumb/v7-m/nofp\libstdc++_nano.a(eh_arm.o)
                0x0800e288                __cxa_begin_cleanup
 .text.__gnu_end_cleanup
                0x0800e2c2       0x32 C:/ST/STM32CubeIDE_1.8.0/STM32CubeIDE/plugins/com.st.stm32cube.ide.mcu.externaltools.gnu-tools-for-stm32.13.3.rel1.win32_1.0.0.202411081344/tools/bin/../lib/gcc/arm-none-eabi/13.3.1/../../../../arm-none-eabi/lib/thumb/v7-m/nofp\libstdc++_nano.a(eh_arm.o)
                0x0800e2c2                __gnu_end_cleanup
 .text._ZN10__cxxabiv1L24__is_gxx_exception_classEPc
                0x0800e2f4       0x3a C:/ST/STM32CubeIDE_1.8.0/STM32CubeIDE/plugins/com.st.stm32cube.ide.mcu.externaltools.gnu-tools-for-stm32.13.3.rel1.win32_1.0.0.202411081344/tools/bin/../lib/gcc/arm-none-eabi/13.3.1/../../../../arm-none-eabi/lib/thumb/v7-m/nofp\libstdc++_nano.a(eh_catch.o)
 .text.__cxa_begin_catch
                0x0800e32e       0x52 C:/ST/STM32CubeIDE_1.8.0/STM32CubeIDE/plugins/com.st.stm32cube.ide.mcu.externaltools.gnu-tools-for-stm32.13.3.rel1.win32_1.0.0.202411081344/tools/bin/../lib/gcc/arm-none-eabi/13.3.1/../../../../arm-none-eabi/lib/thumb/v7-m/nofp\libstdc++_nano.a(eh_catch.o)
                0x0800e32e                __cxa_begin_catch
 .text.__cxa_end_catch
                0x0800e380       0x48 C:/ST/STM32CubeIDE_1.8.0/STM32CubeIDE/plugins/com.st.stm32cube.ide.mcu.externaltools.gnu-tools-for-stm32.13.3.rel1.win32_1.0.0.202411081344/tools/bin/../lib/gcc/arm-none-eabi/13.3.1/../../../../arm-none-eabi/lib/thumb/v7-m/nofp\libstdc++_nano.a(eh_catch.o)
                0x0800e380                __cxa_end_catch
 .text.__cxa_get_globals_fast
                0x0800e3c8        0x8 C:/ST/STM32CubeIDE_1.8.0/STM32CubeIDE/plugins/com.st.stm32cube.ide.mcu.externaltools.gnu-tools-for-stm32.13.3.rel1.win32_1.0.0.202411081344/tools/bin/../lib/gcc/arm-none-eabi/13.3.1/../../../../arm-none-eabi/lib/thumb/v7-m/nofp\libstdc++_nano.a(eh_globals.o)
                0x0800e3c8                __cxa_get_globals_fast
 .text.__cxa_get_globals
                0x0800e3d0        0x8 C:/ST/STM32CubeIDE_1.8.0/STM32CubeIDE/plugins/com.st.stm32cube.ide.mcu.externaltools.gnu-tools-for-stm32.13.3.rel1.win32_1.0.0.202411081344/tools/bin/../lib/gcc/arm-none-eabi/13.3.1/../../../../arm-none-eabi/lib/thumb/v7-m/nofp\libstdc++_nano.a(eh_globals.o)
                0x0800e3d0                __cxa_get_globals
 .text._ZL12read_uleb128PKhPm
                0x0800e3d8       0x1e C:/ST/STM32CubeIDE_1.8.0/STM32CubeIDE/plugins/com.st.stm32cube.ide.mcu.externaltools.gnu-tools-for-stm32.13.3.rel1.win32_1.0.0.202411081344/tools/bin/../lib/gcc/arm-none-eabi/13.3.1/../../../../arm-none-eabi/lib/thumb/v7-m/nofp\libstdc++_nano.a(eh_personality.o)
 .text._ZL12read_sleb128PKhPl